tanabe@tanabe:~/git/basic/src/c$ ls
include.h  input.h  main.c  my_util.c  my_util.o
input.c    input.o  main.o  my_util.h
tanabe@tanabe:~/git/basic/src/c$ cd ../../
tanabe@tanabe:~/git/basic$ ls
basic  src
tanabe@tanabe:~/git/basic$ upm build
input.c: In function â€˜add_code_lineâ€™:
input.c:62:7: error: â€˜programâ€™ undeclared (first use in this function); did you mean â€˜program_ptrâ€™?
   62 |       program
      |       ^~~~~~~
      |       program_ptr
input.c:62:7: note: each undeclared identifier is reported only once for each function it appears in
input.c:62:14: error: expected â€˜;â€™ before â€˜returnâ€™
   62 |       program
      |              ^
      |              ;
......
   78 |   return 0;
      |   ~~~~~~      
input.c:79:1: error: expected declaration or statement at end of input
   79 | }
      | ^
tanabe@tanabe:~/git/basic$ upm build
input.c: In function â€˜add_code_lineâ€™:
input.c:61:3: error: expected identifier or â€˜(â€™ before â€˜forâ€™
   61 |   for(int i = 0; i < line_num; i++)
      |   ^~~
input.c:61:18: error: â€˜iâ€™ undeclared (first use in this function)
   61 |   for(int i = 0; i < line_num; i++)
      |                  ^
input.c:61:18: note: each undeclared identifier is reported only once for each function it appears in
input.c:61:35: error: expected â€˜;â€™ before â€˜)â€™ token
   61 |   for(int i = 0; i < line_num; i++)
      |                                   ^
      |                                   ;
input.c:61:35: error: expected statement before â€˜)â€™ token
tanabe@tanabe:~/git/basic$ upm build
input.c: In function â€˜add_code_lineâ€™:
input.c:63:7: error: invalid type argument of unary â€˜*â€™ (have â€˜intâ€™)
   63 |       *program_ptr[i]->num = line_num;
      |       ^~~~~~~~~~~~~~~~~~~~
input.c:64:15: warning: passing argument 1 of â€˜strncpyâ€™ makes pointer from integer without a cast [-Wint-conversion]
   64 |       strncpy(*program_ptr[i]->line, buffer, BUFFER_SIZE - 1);
      |               ^~~~~~~~~~~~~~~~~~~~~
      |               |
      |               char
In file included from include.h:7,
                 from input.c:1:
/usr/include/string.h:144:40: note: expected â€˜char * restrictâ€™ but argument is of type â€˜charâ€™
  144 | extern char *strncpy (char *__restrict __dest,
      |                       ~~~~~~~~~~~~~~~~~^~~~~~
tanabe@tanabe:~/git/basic$ upm build
input.c: In function â€˜add_code_lineâ€™:
input.c:72:52: error: â€˜current_size_ptrâ€™ undeclared (first use in this function); did you mean â€˜current_sizeâ€™?
   72 |   code_line* new_program = realloc(*program_ptr, (*current_size_ptr + 1) * sizeof(code_line));
      |                                                    ^~~~~~~~~~~~~~~~
      |                                                    current_size
input.c:72:52: note: each undeclared identifier is reported only once for each function it appears in
tanabe@tanabe:~/git/basic$ upm build
input.c: In function â€˜add_code_lineâ€™:
input.c:77:48: error: â€˜current_size_ptrâ€™ undeclared (first use in this function); did you mean â€˜current_sizeâ€™?
   77 |   code_line* new_line_entry = &(*program_ptr)[*current_size_ptr];
      |                                                ^~~~~~~~~~~~~~~~
      |                                                current_size
input.c:77:48: note: each undeclared identifier is reported only once for each function it appears in
tanabe@tanabe:~/git/basic$upm build 
tanabe@tanabe:~/git/basic$ upm build
tanabe@tanabe:~/git/basic$ ./basic
10 a
a
a
tanabe@tanabe:~/git/basic$ upm build
tanabe@tanabe:~/git/basic$ ./basic
10 abc
abc
20 def
def
30 ghi
ghi
exit
tanabe@tanabe:~/git/basic$ upm build
tanabe@tanabe:~/git/basic$ ./basic
10 aiu
aiu
20 eoka
eoka
20 aiue
aiue

tanabe@tanabe:~/git/basic$ upm build
tanabe@tanabe:~/git/basic$ ./basic
10 aiu
aiu
20 aiue
aiue
10 ai
ai

tanabe@tanabe:~/git/basic$ upm build
input.c: In function â€˜add_code_lineâ€™:
input.c:85:17: warning: assignment to â€˜intâ€™ from â€˜int *â€™ makes integer from pointer without a cast [-Wint-conversion]
   85 |   *current_size = current_size + 1;
      |                 ^
tanabe@tanabe:~/git/basic$ upm build
tanabe@tanabe:~/git/basic$ ./basic
10 a
20 b
30 c
20 a
rewrite

num = 10 command = a 
num = 20 command = a 
num = 30 command = c 
tanabe@tanabe:~/git/basic$ ./basic
10 print "hello"
20 print "i love you"
30 print "i hate him"
num = 10 command = print "hello" 
num = 20 command = print "i love you" 
num = 30 command = print "i hate him" 
tanabe@tanabe:~/git/basic$ ./basic
10 print "a"
20 sin(a)
10 undo
rewrite
exit
num = 10 command = undo 
num = 20 command = sin(a) 
tanabe@tanabe:~/git/basic$ upm build
input.c:53:6: error: conflicting types for â€˜add_code_lineâ€™; have â€˜void(code_line **, int *, const char *)â€™
   53 | void add_code_line(code_line** program_ptr, int* current_size, const char* line)
      |      ^~~~~~~~~~~~~
In file included from include.h:10,
                 from input.c:1:
input.h:10:5: note: previous declaration of â€˜add_code_lineâ€™ with type â€˜int(code_line **, int *, const char *)â€™
   10 | int add_code_line(code_line** program_ptr, int* current_size, const char* line);
      |     ^~~~~~~~~~~~~
tanabe@tanabe:~/git/basic$ upm build
tanabe@tanabe:~/git/basic$ ls
basic  src
tanabe@tanabe:~/git/basic$ upm addfile hensuu.c
tanabe@tanabe:~/git/basic$ upm build
tanabe@tanabe:~/git/basic$ upm build
hensuu.c:2:9: error: no macro name given in #define directive
    2 | #define
      |         ^
hensuu.c: In function â€˜new_hensuuâ€™:
hensuu.c:6:31: error: â€˜program_ptrâ€™ undeclared (first use in this function)
    6 |   hensuu* new_vars = realloc(*program_ptr, (*current_size + 1) * sizeof(hensuu));
      |                               ^~~~~~~~~~~
hensuu.c:6:31: note: each undeclared identifier is reported only once for each function it appears in
hensuu.c:9:16: error: expected expression before â€˜%â€™ token
    9 |   new_hensuu = %(*vars)[current_size];
      |                ^
hensuu.c:10:21: error: request for member â€˜nameâ€™ in something not a structure or union
   10 |   strncpy(new_hensuu->name, new_name, 19);
      |                     ^~
hensuu.c:11:13: error: request for member â€˜nameâ€™ in something not a structure or union
   11 |   new_hensuu->name[19] = '\0';
      |             ^~
hensuu.c: At top level:
hensuu.c:16:5: error: conflicting types for â€˜movâ€™; have â€˜int(hensuu **, int *, const char *, int,  void *)â€™
   16 | int mov(hensuu** vars, int *current_size,  const char* name, int type, void* data)
      |     ^~~
In file included from include.h:12,
                 from hensuu.c:1:
hensuu.h:11:5: note: previous declaration of â€˜movâ€™ with type â€˜int(hensuu **, const char *, int,  void *)â€™
   11 | int mov(hensuu** vars, const char* name, int type, void* data);
      |     ^~~
hensuu.c: In function â€˜movâ€™:
hensuu.c:18:23: error: â€˜curernt_sizeâ€™ undeclared (first use in this function); did you mean â€˜current_sizeâ€™?
   18 |   for(int i = 0; i < *curernt_size; i++)
      |                       ^~~~~~~~~~~~
      |                       current_size
hensuu.c:21:10: error: â€˜a_lineâ€™ undeclared (first use in this function)
   21 |       if(a_line->name == name)
      |          ^~~~~~
hensuu.c:35:5: error: expected declaration or statement at end of input
   35 |     }
      |     ^
hensuu.c:35:5: error: expected declaration or statement at end of input
tanabe@tanabe:~/git/basic$ upm build
hensuu.c:2:9: error: no macro name given in #define directive
    2 | #define
      |         ^
hensuu.c: In function â€˜new_hensuuâ€™:
hensuu.c:6:31: error: â€˜program_ptrâ€™ undeclared (first use in this function)
    6 |   hensuu* new_vars = realloc(*program_ptr, (*current_size + 1) * sizeof(hensuu));
      |                               ^~~~~~~~~~~
hensuu.c:6:31: note: each undeclared identifier is reported only once for each function it appears in
hensuu.c:9:16: error: expected expression before â€˜%â€™ token
    9 |   new_hensuu = %(*vars)[current_size];
      |                ^
hensuu.c:10:21: error: request for member â€˜nameâ€™ in something not a structure or union
   10 |   strncpy(new_hensuu->name, new_name, 19);
      |                     ^~
hensuu.c:11:13: error: request for member â€˜nameâ€™ in something not a structure or union
   11 |   new_hensuu->name[19] = '\0';
      |             ^~
hensuu.c: At top level:
hensuu.c:16:5: error: conflicting types for â€˜movâ€™; have â€˜int(hensuu **, int *, const char *, int,  void *)â€™
   16 | int mov(hensuu** vars, int *current_size,  const char* name, int type, void* data)
      |     ^~~
In file included from include.h:12,
                 from hensuu.c:1:
hensuu.h:11:5: note: previous declaration of â€˜movâ€™ with type â€˜int(hensuu **, const char *, int,  void *)â€™
   11 | int mov(hensuu** vars, const char* name, int type, void* data);
      |     ^~~
hensuu.c: In function â€˜movâ€™:
hensuu.c:18:23: error: â€˜curernt_sizeâ€™ undeclared (first use in this function); did you mean â€˜current_sizeâ€™?
   18 |   for(int i = 0; i < *curernt_size; i++)
      |                       ^~~~~~~~~~~~
      |                       current_size
hensuu.c:21:10: error: â€˜a_lineâ€™ undeclared (first use in this function)
   21 |       if(a_line->name == name)
      |          ^~~~~~
tanabe@tanabe:~/git/basic$ upm build
hensuu.c: In function â€˜new_hensuuâ€™:
hensuu.c:5:31: error: â€˜program_ptrâ€™ undeclared (first use in this function)
    5 |   hensuu* new_vars = realloc(*program_ptr, (*current_size + 1) * sizeof(hensuu));
      |                               ^~~~~~~~~~~
hensuu.c:5:31: note: each undeclared identifier is reported only once for each function it appears in
hensuu.c:8:16: error: expected expression before â€˜%â€™ token
    8 |   new_hensuu = %(*vars)[current_size];
      |                ^
hensuu.c:9:21: error: request for member â€˜nameâ€™ in something not a structure or union
    9 |   strncpy(new_hensuu->name, new_name, 19);
      |                     ^~
hensuu.c:10:13: error: request for member â€˜nameâ€™ in something not a structure or union
   10 |   new_hensuu->name[19] = '\0';
      |             ^~
hensuu.c: At top level:
hensuu.c:15:5: error: conflicting types for â€˜movâ€™; have â€˜int(hensuu **, int *, const char *, int,  void *)â€™
   15 | int mov(hensuu** vars, int *current_size,  const char* name, int type, void* data)
      |     ^~~
In file included from include.h:12,
                 from hensuu.c:1:
hensuu.h:11:5: note: previous declaration of â€˜movâ€™ with type â€˜int(hensuu **, const char *, int,  void *)â€™
   11 | int mov(hensuu** vars, const char* name, int type, void* data);
      |     ^~~
hensuu.c: In function â€˜movâ€™:
hensuu.c:17:23: error: â€˜curernt_sizeâ€™ undeclared (first use in this function); did you mean â€˜current_sizeâ€™?
   17 |   for(int i = 0; i < *curernt_size; i++)
      |                       ^~~~~~~~~~~~
      |                       current_size
hensuu.c:20:10: error: â€˜a_lineâ€™ undeclared (first use in this function)
   20 |       if(a_line->name == name)
      |          ^~~~~~
tanabe@tanabe:~/git/basic$ upm build
hensuu.c: In function â€˜new_hensuuâ€™:
hensuu.c:8:16: error: expected expression before â€˜%â€™ token
    8 |   new_hensuu = %(*vars)[current_size];
      |                ^
hensuu.c:9:21: error: request for member â€˜nameâ€™ in something not a structure or union
    9 |   strncpy(new_hensuu->name, new_name, 19);
      |                     ^~
hensuu.c:10:13: error: request for member â€˜nameâ€™ in something not a structure or union
   10 |   new_hensuu->name[19] = '\0';
      |             ^~
hensuu.c: At top level:
hensuu.c:15:5: error: conflicting types for â€˜movâ€™; have â€˜int(hensuu **, int *, const char *, int,  void *)â€™
   15 | int mov(hensuu** vars, int *current_size,  const char* name, int type, void* data)
      |     ^~~
In file included from include.h:12,
                 from hensuu.c:1:
hensuu.h:11:5: note: previous declaration of â€˜movâ€™ with type â€˜int(hensuu **, const char *, int,  void *)â€™
   11 | int mov(hensuu** vars, const char* name, int type, void* data);
      |     ^~~
hensuu.c: In function â€˜movâ€™:
hensuu.c:17:23: error: â€˜curernt_sizeâ€™ undeclared (first use in this function); did you mean â€˜current_sizeâ€™?
   17 |   for(int i = 0; i < *curernt_size; i++)
      |                       ^~~~~~~~~~~~
      |                       current_size
hensuu.c:17:23: note: each undeclared identifier is reported only once for each function it appears in
hensuu.c:20:10: error: â€˜a_lineâ€™ undeclared (first use in this function)
   20 |       if(a_line->name == name)
      |          ^~~~~~
tanabe@tanabe:~/git/basic$ upm build
hensuu.c: In function â€˜new_hensuuâ€™:
hensuu.c:8:24: error: array subscript is not an integer
    8 |   new_hensuu = &(*vars)[current_size];
      |                        ^
hensuu.c:9:21: error: request for member â€˜nameâ€™ in something not a structure or union
    9 |   strncpy(new_hensuu->name, new_name, 19);
      |                     ^~
hensuu.c:10:13: error: request for member â€˜nameâ€™ in something not a structure or union
   10 |   new_hensuu->name[19] = '\0';
      |             ^~
hensuu.c: At top level:
hensuu.c:15:5: error: conflicting types for â€˜movâ€™; have â€˜int(hensuu **, int *, const char *, int,  void *)â€™
   15 | int mov(hensuu** vars, int *current_size,  const char* name, int type, void* data)
      |     ^~~
In file included from include.h:12,
                 from hensuu.c:1:
hensuu.h:11:5: note: previous declaration of â€˜movâ€™ with type â€˜int(hensuu **, const char *, int,  void *)â€™
   11 | int mov(hensuu** vars, const char* name, int type, void* data);
      |     ^~~
hensuu.c: In function â€˜movâ€™:
hensuu.c:17:23: error: â€˜curernt_sizeâ€™ undeclared (first use in this function); did you mean â€˜current_sizeâ€™?
   17 |   for(int i = 0; i < *curernt_size; i++)
      |                       ^~~~~~~~~~~~
      |                       current_size
hensuu.c:17:23: note: each undeclared identifier is reported only once for each function it appears in
hensuu.c:20:10: error: â€˜a_lineâ€™ undeclared (first use in this function)
   20 |       if(a_line->name == name)
      |          ^~~~~~
tanabe@tanabe:~/git/basic$ upm build
hensuu.c: In function â€˜new_hensuuâ€™:
hensuu.c:8:14: error: lvalue required as left operand of assignment
    8 |   new_hensuu = &(*vars)[*current_size];
      |              ^
hensuu.c:9:21: error: request for member â€˜nameâ€™ in something not a structure or union
    9 |   strncpy(new_hensuu->name, new_name, 19);
      |                     ^~
hensuu.c:10:13: error: request for member â€˜nameâ€™ in something not a structure or union
   10 |   new_hensuu->name[19] = '\0';
      |             ^~
hensuu.c: At top level:
hensuu.c:15:5: error: conflicting types for â€˜movâ€™; have â€˜int(hensuu **, int *, const char *, int,  void *)â€™
   15 | int mov(hensuu** vars, int *current_size,  const char* name, int type, void* data)
      |     ^~~
In file included from include.h:12,
                 from hensuu.c:1:
hensuu.h:11:5: note: previous declaration of â€˜movâ€™ with type â€˜int(hensuu **, const char *, int,  void *)â€™
   11 | int mov(hensuu** vars, const char* name, int type, void* data);
      |     ^~~
hensuu.c: In function â€˜movâ€™:
hensuu.c:17:23: error: â€˜curernt_sizeâ€™ undeclared (first use in this function); did you mean â€˜current_sizeâ€™?
   17 |   for(int i = 0; i < *curernt_size; i++)
      |                       ^~~~~~~~~~~~
      |                       current_size
hensuu.c:17:23: note: each undeclared identifier is reported only once for each function it appears in
hensuu.c:20:10: error: â€˜a_lineâ€™ undeclared (first use in this function)
   20 |       if(a_line->name == name)
      |          ^~~~~~
tanabe@tanabe:~/git/basic$ upm build
hensuu.c:15:5: error: conflicting types for â€˜movâ€™; have â€˜int(hensuu **, int *, const char *, int,  void *)â€™
   15 | int mov(hensuu** vars, int *current_size,  const char* name, int type, void* data)
      |     ^~~
In file included from include.h:12,
                 from hensuu.c:1:
hensuu.h:11:5: note: previous declaration of â€˜movâ€™ with type â€˜int(hensuu **, const char *, int,  void *)â€™
   11 | int mov(hensuu** vars, const char* name, int type, void* data);
      |     ^~~
hensuu.c: In function â€˜movâ€™:
hensuu.c:17:23: error: â€˜curernt_sizeâ€™ undeclared (first use in this function); did you mean â€˜current_sizeâ€™?
   17 |   for(int i = 0; i < *curernt_size; i++)
      |                       ^~~~~~~~~~~~
      |                       current_size
hensuu.c:17:23: note: each undeclared identifier is reported only once for each function it appears in
hensuu.c:20:10: error: â€˜a_lineâ€™ undeclared (first use in this function)
   20 |       if(a_line->name == name)
      |          ^~~~~~
tanabe@tanabe:~/git/basic$ upm build
hensuu.c: In function â€˜movâ€™:
hensuu.c:17:23: error: â€˜curernt_sizeâ€™ undeclared (first use in this function); did you mean â€˜current_sizeâ€™?
   17 |   for(int i = 0; i < *curernt_size; i++)
      |                       ^~~~~~~~~~~~
      |                       current_size
hensuu.c:17:23: note: each undeclared identifier is reported only once for each function it appears in
hensuu.c:20:10: error: â€˜a_lineâ€™ undeclared (first use in this function)
   20 |       if(a_line->name == name)
      |          ^~~~~~
tanabe@tanabe:~/git/basic$ upm build
hensuu.c: In function â€˜movâ€™:
hensuu.c:17:23: error: â€˜currernt_sizeâ€™ undeclared (first use in this function); did you mean â€˜current_sizeâ€™?
   17 |   for(int i = 0; i < *currernt_size; i++)
      |                       ^~~~~~~~~~~~~
      |                       current_size
hensuu.c:17:23: note: each undeclared identifier is reported only once for each function it appears in
hensuu.c:20:10: error: â€˜a_lineâ€™ undeclared (first use in this function)
   20 |       if(a_line->name == name)
      |          ^~~~~~
tanabe@tanabe:~/git/basic$ upm build
hensuu.c: In function â€˜movâ€™:
hensuu.c:20:10: error: â€˜a_lineâ€™ undeclared (first use in this function)
   20 |       if(a_line->name == name)
      |          ^~~~~~
hensuu.c:20:10: note: each undeclared identifier is reported only once for each function it appears in
tanabe@tanabe:~/git/basic$ upm build
tanabe@tanabe:~/git/basic$ upm addfile formula.c
tanabe@tanabe:~/git/basic$ upm build
formula.c: In function â€˜formula_evalâ€™:
formula.c:6:7: error: expected identifier or â€˜(â€™ before â€˜[â€™ token
    6 |   char[10] buffer;
      |       ^
formula.c:14:36: error: â€˜bufferâ€™ undeclared (first use in this function); did you mean â€˜setbufferâ€™?
   14 |           strncpy(&formula[start], buffer, end - start);
      |                                    ^~~~~~
      |                                    setbuffer
formula.c:14:36: note: each undeclared identifier is reported only once for each function it appears in
formula.c:14:19: warning: passing argument 1 of â€˜strncpyâ€™ discards â€˜constâ€™ qualifier from pointer target type [-Wdiscarded-qualifiers]
   14 |           strncpy(&formula[start], buffer, end - start);
      |                   ^~~~~~~~~~~~~~~
In file included from include.h:7,
                 from formula.c:1:
/usr/include/string.h:144:40: note: expected â€˜char * restrictâ€™ but argument is of type â€˜const char *â€™
  144 | extern char *strncpy (char *__restrict __dest,
      |                       ~~~~~~~~~~~~~~~~~^~~~~~
formula.c:15:32: error: assignment of read-only location â€˜*(formula + (sizetype)(end - start))â€™
   15 |           formula[end - start] = '\0';
      |                                ^
formula.c:19:19: warning: passing argument 1 of â€˜strncpyâ€™ discards â€˜constâ€™ qualifier from pointer target type [-Wdiscarded-qualifiers]
   19 |           strncpy(&formula[start], buffer, 9);
      |                   ^~~~~~~~~~~~~~~
/usr/include/string.h:144:40: note: expected â€˜char * restrictâ€™ but argument is of type â€˜const char *â€™
  144 | extern char *strncpy (char *__restrict __dest,
      |                       ~~~~~~~~~~~~~~~~~^~~~~~
formula.c:20:22: error: assignment of read-only location â€˜*(formula + 9)â€™
   20 |           formula[9] = '0';
      |                      ^
formula.o not found. most likely due to a compilation failure.
  at /home/tanabe/.bin/upm line 162, <SRCLIST> line 5.
tanabe@tanabe:~/git/basic$ upm build
formula.c: In function â€˜formula_evalâ€™:
formula.c:14:19: warning: passing argument 1 of â€˜strncpyâ€™ discards â€˜constâ€™ qualifier from pointer target type [-Wdiscarded-qualifiers]
   14 |           strncpy(&formula[start], buffer, end - start);
      |                   ^~~~~~~~~~~~~~~
In file included from include.h:7,
                 from formula.c:1:
/usr/include/string.h:144:40: note: expected â€˜char * restrictâ€™ but argument is of type â€˜const char *â€™
  144 | extern char *strncpy (char *__restrict __dest,
      |                       ~~~~~~~~~~~~~~~~~^~~~~~
formula.c:15:32: error: assignment of read-only location â€˜*(formula + (sizetype)(end - start))â€™
   15 |           formula[end - start] = '\0';
      |                                ^
formula.c:19:19: warning: passing argument 1 of â€˜strncpyâ€™ discards â€˜constâ€™ qualifier from pointer target type [-Wdiscarded-qualifiers]
   19 |           strncpy(&formula[start], buffer, 9);
      |                   ^~~~~~~~~~~~~~~
/usr/include/string.h:144:40: note: expected â€˜char * restrictâ€™ but argument is of type â€˜const char *â€™
  144 | extern char *strncpy (char *__restrict __dest,
      |                       ~~~~~~~~~~~~~~~~~^~~~~~
formula.c:20:22: error: assignment of read-only location â€˜*(formula + 9)â€™
   20 |           formula[9] = '0';
      |                      ^
formula.o not found. most likely due to a compilation failure.
  at /home/tanabe/.bin/upm line 162, <SRCLIST> line 5.
tanabe@tanabe:~/git/basic$ upm build
formula.c: In function â€˜formula_evalâ€™:
formula.c:15:32: error: assignment of read-only location â€˜*(formula + (sizetype)(end - start))â€™
   15 |           formula[end - start] = '\0';
      |                                ^
formula.c:20:22: error: assignment of read-only location â€˜*(formula + 9)â€™
   20 |           formula[9] = '0';
      |                      ^
formula.o not found. most likely due to a compilation failure.
  at /home/tanabe/.bin/upm line 162, <SRCLIST> line 5.
tanabe@tanabe:~/git/basic$ upm build
tanabe@tanabe:~/git/basic$ ./a.out
bash: ./a.out: ãã®ã‚ˆã†ãªãƒ•ã‚¡ã‚¤ãƒ«ã‚„ãƒ‡ã‚£ãƒ¬ã‚¯ãƒˆãƒªã¯ã‚ã‚Šã¾ã›ã‚“
tanabe@tanabe:~/git/basic$ ./basic
1
2
+
3
-
%[^
]
2
+
3
-
%[^
]
äÃÁ
Segmentation fault (ã‚³ã‚¢ãƒ€ãƒ³ãƒ—)
tanabe@tanabe:~/git/basic$ upm build
tanabe@tanabe:~/git/basic$ ./basic
1
2
+
3
-
tanabe@tanabe:~/git/basic$ upm build
tanabe@tanabe:~/git/basic$ ./basic
endtanabe@tanabe:~/git/basic$ upm build
tanabe@tanabe:~/git/basic$ ./basic
end
tanabe@tanabe:~/git/basic$ upm build
tanabe@tanabe:~/git/basic$ ./basic
tanabe@tanabe:~/git/basic$ upm build
tanabe@tanabe:~/git/basic$ ./basic
1
tanabe@tanabe:~/git/basic$ upm rjn
setup
 addsrcdir
 addfile
 build
tanabe@tanabe:~/git/basic$ upm run
tanabe@tanabe:~/git/basic$ upm build
tanabe@tanabe:~/git/basic$ ./basic
1
2
+
3
-
%[^
]
2
+
3
-
%[^
]
Segmentation fault (ã‚³ã‚¢ãƒ€ãƒ³ãƒ—)
tanabe@tanabe:~/git/basic$ upm build
tanabe@tanabe:~/git/basic$ ./basic
tanabe@tanabe:~/git/basic$ upm build
tanabe@tanabe:~/git/basic$ ./a.out
bash: ./a.out: ãã®ã‚ˆã†ãªãƒ•ã‚¡ã‚¤ãƒ«ã‚„ãƒ‡ã‚£ãƒ¬ã‚¯ãƒˆãƒªã¯ã‚ã‚Šã¾ã›ã‚“
tanabe@tanabe:~/git/basic$ ./basic
1
2
+
3
-
%[^
]
2
+
3
-
%[^
]
Segmentation fault (ã‚³ã‚¢ãƒ€ãƒ³ãƒ—)
tanabe@tanabe:~/git/basic$ ./basic
1
2
+
3
-
%[^
]
2
+
3
-
%[^
]
Segmentation fault (ã‚³ã‚¢ãƒ€ãƒ³ãƒ—)
tanabe@tanabe:~/git/basic$ upm build
tanabe@tanabe:~/git/basic$ ./basic
1
2
+
3
-
%[^
]
2
+
3
-
%[^
]
Segmentation fault (ã‚³ã‚¢ãƒ€ãƒ³ãƒ—)
tanabe@tanabe:~/git/basic$ upm build
tanabe@tanabe:~/git/basic$ ./a.out
bash: ./a.out: ãã®ã‚ˆã†ãªãƒ•ã‚¡ã‚¤ãƒ«ã‚„ãƒ‡ã‚£ãƒ¬ã‚¯ãƒˆãƒªã¯ã‚ã‚Šã¾ã›ã‚“
tanabe@tanabe:~/git/basic$ ./basic
1
2
+
3
-
%[^
]
2
+
3
-
%[^
]
Segmentation fault (ã‚³ã‚¢ãƒ€ãƒ³ãƒ—)
tanabe@tanabe:~/git/basic$ upm build
tanabe@tanabe:~/git/basic$ ./basic
1
2
+
3
-
%[^
]
2
+
3
-
%[^
]
‡K*
»p¼U
»p¼U
»p¼U
»p¼U
Segmentation fault (ã‚³ã‚¢ãƒ€ãƒ³ãƒ—)
tanabe@tanabe:~/git/basic$ ./basic
1
2
+
3
-
%[^
]
2
+
3
-
%[^
]
Segmentation fault (ã‚³ã‚¢ãƒ€ãƒ³ãƒ—)
tanabe@tanabe:~/git/basic$ upm build
tanabe@tanabe:~/git/basic$ ./basic
1
2
+
3
-
%[^
]
2
+
3
-
%[^
]
®ÀØÆ
Segmentation fault (ã‚³ã‚¢ãƒ€ãƒ³ãƒ—)
tanabe@tanabe:~/git/basic$ ./basic
1
2
+
3
-
%[^
]
2
+
3
-
%[^
]
	¥U
	¥U
	¥U
	¥U
	¥U
	¥U
	¥U
	¥U
	¥U
ÚøÃ
	¥U
	¥U
	¥U
	¥U
	¥U
Segmentation fault (ã‚³ã‚¢ãƒ€ãƒ³ãƒ—)
tanabe@tanabe:~/git/basic$ upm build
formula.c: In function â€˜formula_evalâ€™:
formula.c:12:32: error: expected â€˜)â€™ before â€˜orâ€™
   12 |       if(formula[start] == '\0' or formula[end] == '\0')
      |         ~                      ^~~
      |                                )
tanabe@tanabe:~/git/basic$ upm build
tanabe@tanabe:~/git/basic$ ./basic
1
2
+
3
-
%[^
]
2
+
3
-
%[^
]
Segmentation fault (ã‚³ã‚¢ãƒ€ãƒ³ãƒ—)
tanabe@tanabe:~/git/basic$ upm build
tanabe@tanabe:~/git/basic$ ./basic
1
2
+
3
-
%[^
]
2
+
3
-
%[^
]
Nè¢õ
Segmentation fault (ã‚³ã‚¢ãƒ€ãƒ³ãƒ—)
tanabe@tanabe:~/git/basic$ upm build
tanabe@tanabe:~/git/basic$ ./basic
Segmentation fault (ã‚³ã‚¢ãƒ€ãƒ³ãƒ—)
tanabe@tanabe:~/git/basic$ upm build
tanabe@tanabe:~/git/basic$ ./basic
formula_end = 9
tanabe@tanabe:~/git/basic$ upm build
tanabe@tanabe:~/git/basic$ ./basic
1
2
+
3
-
%[^
]
=
%d

2
+
3
-
%[^
]
=
%d

Segmentation fault (ã‚³ã‚¢ãƒ€ãƒ³ãƒ—)
tanabe@tanabe:~/git/basic$ upm build
tanabe@tanabe:~/git/basic$ ./basic
1, 1
3, 2
5, +
7, 3
15, -
25, %[^
]
41, %s

43, =
4097, %d

4099, 2
4101, +
4103, 3
4111, -
4121, %[^
]
4137, %s

4139, =
8188, %d

Segmentation fault (ã‚³ã‚¢ãƒ€ãƒ³ãƒ—)
tanabe@tanabe:~/git/basic$ upm build
tanabe@tanabe:~/git/basic$ ./basic
1, 1
3, 2
5, +
7, 3
15, -
formula_end = 9
tanabe@tanabe:~/git/basic$ upm build
tanabe@tanabe:~/git/basic$ ./a.out
bash: ./a.out: ãã®ã‚ˆã†ãªãƒ•ã‚¡ã‚¤ãƒ«ã‚„ãƒ‡ã‚£ãƒ¬ã‚¯ãƒˆãƒªã¯ã‚ã‚Šã¾ã›ã‚“
tanabe@tanabe:~/git/basic$ ./basic
1 2 + 3 -
1, 1
3, 2
5, +
7, 3
15, -
formula_end = 9
tanabe@tanabe:~/git/basic$ ./basic
1 2 + 3 -
1, 1
3, 2
5, +
7, 3
15, -
formula_end = 9
tanabe@tanabe:~/git/basic$ upm build
tanabe@tanabe:~/git/basic$ ./a.out
bash: ./a.out: ãã®ã‚ˆã†ãªãƒ•ã‚¡ã‚¤ãƒ«ã‚„ãƒ‡ã‚£ãƒ¬ã‚¯ãƒˆãƒªã¯ã‚ã‚Šã¾ã›ã‚“
tanabe@tanabe:~/git/basic$ ./basic
1 2 + 3 *
1, 1
3, 2
5, +
7, 3
15, *
formula_end = 9
tanabe@tanabe:~/git/basic$ upm build
tanabe@tanabe:~/git/basic$ ./a.out
bash: ./a.out: ãã®ã‚ˆã†ãªãƒ•ã‚¡ã‚¤ãƒ«ã‚„ãƒ‡ã‚£ãƒ¬ã‚¯ãƒˆãƒªã¯ã‚ã‚Šã¾ã›ã‚“
tanabe@tanabe:~/git/basic$ ./basic
1 2 + 34 *
1, 1
3, 2
5, +
8, 34
16, *
formula_end = 10
tanabe@tanabe:~/git/basic$ upm build
tanabe@tanabe:~/git/basic$ ./a.out
bash: ./a.out: ãã®ã‚ˆã†ãªãƒ•ã‚¡ã‚¤ãƒ«ã‚„ãƒ‡ã‚£ãƒ¬ã‚¯ãƒˆãƒªã¯ã‚ã‚Šã¾ã›ã‚“
tanabe@tanabe:~/git/basic$ ./basic
1 2 + 34 *
1, 1
3, 2
5, +
8, 34
10, *
formula_end = 10
tanabe@tanabe:~/git/basic$ ./basic
1 2 + 34 *
1, 1
3, 2
5, +
8, 34
10, *
formula_end = 10
tanabe@tanabe:~/git/basic$ upm build
tanabe@tanabe:~/git/basic$ ./a.out
bash: ./a.out: ãã®ã‚ˆã†ãªãƒ•ã‚¡ã‚¤ãƒ«ã‚„ãƒ‡ã‚£ãƒ¬ã‚¯ãƒˆãƒªã¯ã‚ã‚Šã¾ã›ã‚“
tanabe@tanabe:~/git/basic$ ./basic
1 2 + 3 *
1, 1
3, 2
5, +
7, 3
9, *
formula_end = 9
tanabe@tanabe:~/git/basic$ ./basic
1 2 + 3 *
1, 1
3, 2
5, +
7, 3
9, *
formula_end = 9
tanabe@tanabe:~/git/basic$ upm build
tanabe@tanabe:~/git/basic$ ./basic
1 2 + 3 *
1, 1
3, 2
5, +
7, 3
9, *
formula_end = 9
tanabe@tanabe:~/git/basic$ upm build
tanabe@tanabe:~/git/basic$ ./basic
1 2 + 3 *
1, 1
int
3, 2
int
5, +
int
7, 3
int
9, *
int
formula_end = 9
tanabe@tanabe:~/git/basic$ upm build
tanabe@tanabe:~/git/basic$ ./basic
1 2 + 3.0 *
1, 1
int
3, 2
int
5, +
int
9, 3.0
float
11, *
int
formula_end = 11
tanabe@tanabe:~/git/basic$ upm build
formula.c: In function â€˜formula_evalâ€™:
formula.c:145:15: error: incompatible types when returning type â€˜hensuuâ€™ but â€˜hensuu *â€™ was expected
  145 |   return stack[shead - 1];
      |          ~~~~~^~~~~~~~~~~
tanabe@tanabe:~/git/basic$ upm build
formula.c:3:9: error: conflicting types for â€˜formula_evalâ€™; have â€˜hensuu *(const char *)â€™
    3 | hensuu* formula_eval(const char* formula)
      |         ^~~~~~~~~~~~
In file included from include.h:13,
                 from formula.c:1:
formula.h:1:8: note: previous declaration of â€˜formula_evalâ€™ with type â€˜hensuu(const char *)â€™
    1 | hensuu formula_eval(const char* formula);
      |        ^~~~~~~~~~~~
formula.c: In function â€˜formula_evalâ€™:
formula.c:142:15: error: incompatible types when returning type â€˜hensuuâ€™ but â€˜hensuu *â€™ was expected
  142 |   return stack[shead - 1];
      |          ~~~~~^~~~~~~~~~~
tanabe@tanabe:~/git/basic$ upm build
tanabe@tanabe:~/git/basic$ ./a.out
bash: ./a.out: ãã®ã‚ˆã†ãªãƒ•ã‚¡ã‚¤ãƒ«ã‚„ãƒ‡ã‚£ãƒ¬ã‚¯ãƒˆãƒªã¯ã‚ã‚Šã¾ã›ã‚“
tanabe@tanabe:~/git/basic$ ./basic
1 2 + 3.0 *
Segmentation fault (ã‚³ã‚¢ãƒ€ãƒ³ãƒ—)
tanabe@tanabe:~/git/basic$ upm build
tanabe@tanabe:~/git/basic$ ./basic
1 2 + 3.0 *
Segmentation fault (ã‚³ã‚¢ãƒ€ãƒ³ãƒ—)
tanabe@tanabe:~/git/basic$ upm build
tanabe@tanabe:~/git/basic$ ./basic
1 2 + 3.0 *
a
Segmentation fault (ã‚³ã‚¢ãƒ€ãƒ³ãƒ—)
tanabe@tanabe:~/git/basic$ upm build
tanabe@tanabe:~/git/basic$ ./basic
1 2 + 3.0 *
a
Segmentation fault (ã‚³ã‚¢ãƒ€ãƒ³ãƒ—)
tanabe@tanabe:~/git/basic$ upm build
tanabe@tanabe:~/git/basic$ ./basic
1 2 + 3.0 *
Segmentation fault (ã‚³ã‚¢ãƒ€ãƒ³ãƒ—)
tanabe@tanabe:~/git/basic$ upm build
tanabe@tanabe:~/git/basic$ ./basic
1 2 + 3.0 *
1
Segmentation fault (ã‚³ã‚¢ãƒ€ãƒ³ãƒ—)
tanabe@tanabe:~/git/basic$ upm build
tanabe@tanabe:~/git/basic$ ./basic
1 2 + 3.0 *
1
2
3.0
a
tanabe@tanabe:~/git/basic$ upm build
main.c: In function â€˜mainâ€™:
main.c:8:8: error: invalid operands to binary != (have â€˜hensuuâ€™ and â€˜void *â€™)
    8 |   if(h != NULL)
      |        ^~
tanabe@tanabe:~/git/basic$ upm build
tanabe@tanabe:~/git/basic$ ./basic
1 2 + 3 *
3
tanabe@tanabe:~/git/basic$ upm build
tanabe@tanabe:~/git/basic$ ./basic
1 2
2
tanabe@tanabe:~/git/basic$ upm build
tanabe@tanabe:~/git/basic$ ./basic
1 2 +
2
tanabe@tanabe:~/git/basic$ upm build
tanabe@tanabe:~/git/basic$ ./basic
1 2 +
3
tanabe@tanabe:~/git/basic$ upm build
tanabe@tanabe:~/git/basic$ ./basic
1 2 + 3 *
9
tanabe@tanabe:~/git/basic$ upm build
tanabe@tanabe:~/git/basic$ ./basic
1 2 + 3.0 *
9.000000
tanabe@tanabe:~/git/basic$ upm addfile engine.c
tanabe@tanabe:~/git/basic$ upm build
main.c: In function â€˜mainâ€™:
main.c:5:3: error: unknown type name â€˜engine_metaâ€™
    5 |   engine_meta meta;
      |   ^~~~~~~~~~~
main.c:6:3: warning: implicit declaration of function â€˜prompt_loopâ€™ [-Wimplicit-function-declaration]
    6 |   prompt_loop(meta);
      |   ^~~~~~~~~~~
engine.c:1:10: error: unknown type name â€˜engine_metaâ€™
    1 | void run(engine_meta meta)
      |          ^~~~~~~~~~~
engine.c:14:18: error: unknown type name â€˜engine_metaâ€™
   14 | void prompt_loop(engine_meta meta)
      |                  ^~~~~~~~~~~
engine.o not found. most likely due to a compilation failure.
  at /home/tanabe/.bin/upm line 162, <SRCLIST> line 6.
tanabe@tanabe:~/git/basic$ upm build
engine.c: In function â€˜runâ€™:
engine.c:8:22: error: â€˜program_sizeâ€™ undeclared (first use in this function)
    8 |   for(int i = 0; i < program_size; i++)
      |                      ^~~~~~~~~~~~
engine.c:8:22: note: each undeclared identifier is reported only once for each function it appears in
engine.c: In function â€˜prompt_loopâ€™:
engine.c:29:26: error: â€˜programâ€™ undeclared (first use in this function)
   29 |           add_code_line(&program, &line_num, meta.line_buffer);
      |                          ^~~~~~~
engine.c:29:36: error: â€˜line_numâ€™ undeclared (first use in this function); did you mean â€˜linenumâ€™?
   29 |           add_code_line(&program, &line_num, meta.line_buffer);
      |                                    ^~~~~~~~
      |                                    linenum
engine.o not found. most likely due to a compilation failure.
  at /home/tanabe/.bin/upm line 162, <SRCLIST> line 6.
tanabe@tanabe:~/git/basic$ upm build
engine.c: In function â€˜prompt_loopâ€™:
engine.c:29:26: error: â€˜programâ€™ undeclared (first use in this function)
   29 |           add_code_line(&program, &line_num, meta.line_buffer);
      |                          ^~~~~~~
engine.c:29:26: note: each undeclared identifier is reported only once for each function it appears in
engine.c:29:36: error: â€˜line_numâ€™ undeclared (first use in this function); did you mean â€˜linenumâ€™?
   29 |           add_code_line(&program, &line_num, meta.line_buffer);
      |                                    ^~~~~~~~
      |                                    linenum
engine.o not found. most likely due to a compilation failure.
  at /home/tanabe/.bin/upm line 162, <SRCLIST> line 6.
tanabe@tanabe:~/git/basic$ upm build
engine.c: In function â€˜prompt_loopâ€™:
engine.c:29:45: error: â€˜engine_metaâ€™ has no member named â€˜line_numâ€™
   29 |           add_code_line(&meta.program, &meta.line_num, meta.line_buffer);
      |                                             ^
engine.c:37:22: error: â€˜line_numâ€™ undeclared (first use in this function)
   37 |   for(int i = 0; i < line_num; i++)
      |                      ^~~~~~~~
engine.c:37:22: note: each undeclared identifier is reported only once for each function it appears in
engine.o not found. most likely due to a compilation failure.
  at /home/tanabe/.bin/upm line 162, <SRCLIST> line 6.
tanabe@tanabe:~/git/basic$ upm build
engine.c: In function â€˜prompt_loopâ€™:
engine.c:29:45: error: â€˜engine_metaâ€™ has no member named â€˜line_numâ€™
   29 |           add_code_line(&meta.program, &meta.line_num, meta.line_buffer);
      |                                             ^
engine.o not found. most likely due to a compilation failure.
  at /home/tanabe/.bin/upm line 162, <SRCLIST> line 6.
tanabe@tanabe:~/git/basic$ upm build
tanabe@tanabe:~/git/basic$ ./basic
10 a
20 b
30 c 40
exit
num = 10 command = a 
num = 20 command = b 
num = 30 command = c 40 
tanabe@tanabe:~/git/basic$ upm build
my_util.c:19:6: error: conflicting types for â€˜sort_intâ€™; have â€˜void(int *, int)â€™
   19 | void sort_int(int *array, int n)
      |      ^~~~~~~~
In file included from include.h:11,
                 from my_util.c:1:
my_util.h:2:6: note: previous declaration of â€˜sort_intâ€™ with type â€˜void(int *)â€™
    2 | void sort_int(int *array);
      |      ^~~~~~~~
tanabe@tanabe:~/git/basic$ upm build
tanabe@tanabe:~/git/basic$ upm build
main.c: In function â€˜bubble_sortâ€™:
main.c:7:1: error: expected declaration or statement at end of input
    7 | }
      | ^
input.c: In function â€˜bubble_sortâ€™:
input.c:87:1: error: expected declaration or statement at end of input
   87 | }
      | ^
my_util.c: In function â€˜bubble_sortâ€™:
my_util.c:40:1: error: expected declaration or statement at end of input
   40 | }
      | ^
hensuu.c: In function â€˜bubble_sortâ€™:
hensuu.c:3:5: error: static declaration of â€˜new_hensuuâ€™ follows non-static declaration
    3 | int new_hensuu(hensuu** vars, int *current_size, const char* new_name)
      |     ^~~~~~~~~~
In file included from include.h:12,
                 from hensuu.c:1:
hensuu.h:10:5: note: previous declaration of â€˜new_hensuuâ€™ with type â€˜int(hensuu **, int *, const char *)â€™
   10 | int new_hensuu(hensuu** vars, int *current_size, const char* new_name);
      |     ^~~~~~~~~~
hensuu.c:15:5: error: static declaration of â€˜movâ€™ follows non-static declaration
   15 | int mov(hensuu** vars, int *current_size,  const char* name, int type, void* data)
      |     ^~~
hensuu.h:11:5: note: previous declaration of â€˜movâ€™ with type â€˜int(hensuu **, int *, const char *, int,  void *)â€™
   11 | int mov(hensuu** vars, int *current_size,  const char* name, int type, void* data);
      |     ^~~
hensuu.c:36:1: error: expected declaration or statement at end of input
   36 | }
      | ^
formula.c: In function â€˜bubble_sortâ€™:
formula.c:3:8: error: static declaration of â€˜formula_evalâ€™ follows non-static declaration
    3 | hensuu formula_eval(const char* formula)
      |        ^~~~~~~~~~~~
In file included from include.h:13,
                 from formula.c:1:
formula.h:1:8: note: previous declaration of â€˜formula_evalâ€™ with type â€˜hensuu(const char *)â€™
    1 | hensuu formula_eval(const char* formula);
      |        ^~~~~~~~~~~~
formula.c:147:1: error: expected declaration or statement at end of input
  147 | }
      | ^
engine.c: In function â€˜bubble_sortâ€™:
engine.c:3:6: error: static declaration of â€˜runâ€™ follows non-static declaration
    3 | void run(engine_meta meta)
      |      ^~~
In file included from include.h:14,
                 from engine.c:1:
engine.h:11:6: note: previous declaration of â€˜runâ€™ with type â€˜void(engine_meta)â€™
   11 | void run(engine_meta meta);
      |      ^~~
engine.c:16:6: error: static declaration of â€˜prompt_loopâ€™ follows non-static declaration
   16 | void prompt_loop(engine_meta meta)
      |      ^~~~~~~~~~~
engine.h:12:6: note: previous declaration of â€˜prompt_loopâ€™ with type â€˜void(engine_meta)â€™
   12 | void prompt_loop(engine_meta meta);
      |      ^~~~~~~~~~~
engine.c:44:1: error: expected declaration or statement at end of input
   44 | }
      | ^
tanabe@tanabe:~/git/basic$ upm build
main.c: In function â€˜bubble_sortâ€™:
main.c:7:1: error: expected declaration or statement at end of input
    7 | }
      | ^
input.c: In function â€˜bubble_sortâ€™:
input.c:87:1: error: expected declaration or statement at end of input
   87 | }
      | ^
my_util.c: In function â€˜bubble_sortâ€™:
my_util.c:41:1: error: expected declaration or statement at end of input
   41 | }
      | ^
hensuu.c: In function â€˜bubble_sortâ€™:
hensuu.c:3:5: error: static declaration of â€˜new_hensuuâ€™ follows non-static declaration
    3 | int new_hensuu(hensuu** vars, int *current_size, const char* new_name)
      |     ^~~~~~~~~~
In file included from include.h:12,
                 from hensuu.c:1:
hensuu.h:10:5: note: previous declaration of â€˜new_hensuuâ€™ with type â€˜int(hensuu **, int *, const char *)â€™
   10 | int new_hensuu(hensuu** vars, int *current_size, const char* new_name);
      |     ^~~~~~~~~~
hensuu.c:15:5: error: static declaration of â€˜movâ€™ follows non-static declaration
   15 | int mov(hensuu** vars, int *current_size,  const char* name, int type, void* data)
      |     ^~~
hensuu.h:11:5: note: previous declaration of â€˜movâ€™ with type â€˜int(hensuu **, int *, const char *, int,  void *)â€™
   11 | int mov(hensuu** vars, int *current_size,  const char* name, int type, void* data);
      |     ^~~
hensuu.c:36:1: error: expected declaration or statement at end of input
   36 | }
      | ^
formula.c: In function â€˜bubble_sortâ€™:
formula.c:3:8: error: static declaration of â€˜formula_evalâ€™ follows non-static declaration
    3 | hensuu formula_eval(const char* formula)
      |        ^~~~~~~~~~~~
In file included from include.h:13,
                 from formula.c:1:
formula.h:1:8: note: previous declaration of â€˜formula_evalâ€™ with type â€˜hensuu(const char *)â€™
    1 | hensuu formula_eval(const char* formula);
      |        ^~~~~~~~~~~~
formula.c:147:1: error: expected declaration or statement at end of input
  147 | }
      | ^
engine.c: In function â€˜bubble_sortâ€™:
engine.c:3:6: error: static declaration of â€˜runâ€™ follows non-static declaration
    3 | void run(engine_meta meta)
      |      ^~~
In file included from include.h:14,
                 from engine.c:1:
engine.h:11:6: note: previous declaration of â€˜runâ€™ with type â€˜void(engine_meta)â€™
   11 | void run(engine_meta meta);
      |      ^~~
engine.c:16:6: error: static declaration of â€˜prompt_loopâ€™ follows non-static declaration
   16 | void prompt_loop(engine_meta meta)
      |      ^~~~~~~~~~~
engine.h:12:6: note: previous declaration of â€˜prompt_loopâ€™ with type â€˜void(engine_meta)â€™
   12 | void prompt_loop(engine_meta meta);
      |      ^~~~~~~~~~~
engine.c:44:1: error: expected declaration or statement at end of input
   44 | }
      | ^
tanabe@tanabe:~/git/basic$ upm build
tanabe@tanabe:~/git/basic$ upm build
engine.c: In function â€˜runâ€™:
engine.c:13:26: error: â€˜iâ€™ undeclared (first use in this function)
   13 |   bubble_sort(&num_array[i], meta.last_line);
      |                          ^
engine.c:13:26: note: each undeclared identifier is reported only once for each function it appears in
tanabe@tanabe:~/git/basic$ upm build
tanabe@tanabe:~/git/basic$ ./basic
10 a
60 b
30 c
exit
num = 10 command = a 
num = 60 command = b 
num = 30 command = c 
tanabe@tanabe:~/git/basic$ upm build
tanabe@tanabe:~/git/basic$ ./basic
10 a
50 b
30 c
exit
Segmentation fault (ã‚³ã‚¢ãƒ€ãƒ³ãƒ—)
tanabe@tanabe:~/git/basic$ upm build
tanabe@tanabe:~/git/basic$ ./basic
10 a
40 b
20 c

a
Segmentation fault (ã‚³ã‚¢ãƒ€ãƒ³ãƒ—)
tanabe@tanabe:~/git/basic$ upm build
tanabe@tanabe:~/git/basic$ ./basic
10 a
40 b
20 c
exit
a
Segmentation fault (ã‚³ã‚¢ãƒ€ãƒ³ãƒ—)
tanabe@tanabe:~/git/basic$ upm build
tanabe@tanabe:~/git/basic$ ./basic
10 a
40 b
20 c
exit
Segmentation fault (ã‚³ã‚¢ãƒ€ãƒ³ãƒ—)
tanabe@tanabe:~/git/basic$ upm build
tanabe@tanabe:~/git/basic$ ./basic
10 a
40 b
20 c

a
Segmentation fault (ã‚³ã‚¢ãƒ€ãƒ³ãƒ—)
tanabe@tanabe:~/git/basic$ upm build
tanabe@tanabe:~/git/basic$ ./basic
40 b
10 a
20 c

a
Segmentation fault (ã‚³ã‚¢ãƒ€ãƒ³ãƒ—)
tanabe@tanabe:~/git/basic$ upm build
tanabe@tanabe:~/git/basic$ ./basic
40 b
10 a
20 c

a
Segmentation fault (ã‚³ã‚¢ãƒ€ãƒ³ãƒ—)
tanabe@tanabe:~/git/basic$ upm build
tanabe@tanabe:~/git/basic$ ./basic
40 b
10 a
20 c

Segmentation fault (ã‚³ã‚¢ãƒ€ãƒ³ãƒ—)
tanabe@tanabe:~/git/basic$ upm build
tanabe@tanabe:~/git/basic$ ./basic
40 b
10 a
20 c

Segmentation fault (ã‚³ã‚¢ãƒ€ãƒ³ãƒ—)
tanabe@tanabe:~/git/basic$ upm build
tanabe@tanabe:~/git/basic$ 40 b
40: ã‚³ãƒãƒ³ãƒ‰ãŒè¦‹ã¤ã‹ã‚Šã¾ã›ã‚“
tanabe@tanabe:~/git/basic$ ./basic
40 b
10 a
20 c

Segmentation fault (ã‚³ã‚¢ãƒ€ãƒ³ãƒ—)
tanabe@tanabe:~/git/basic$ upm build
tanabe@tanabe:~/git/basic$ 40 b
40: ã‚³ãƒãƒ³ãƒ‰ãŒè¦‹ã¤ã‹ã‚Šã¾ã›ã‚“
tanabe@tanabe:~/git/basic$ 10 a
10: ã‚³ãƒãƒ³ãƒ‰ãŒè¦‹ã¤ã‹ã‚Šã¾ã›ã‚“
tanabe@tanabe:~/git/basic$ 20 c
20: ã‚³ãƒãƒ³ãƒ‰ãŒè¦‹ã¤ã‹ã‚Šã¾ã›ã‚“
tanabe@tanabe:~/git/basic$ 
tanabe@tanabe:~/git/basic$ ./basic
40 b
10 a
20 c

a
Segmentation fault (ã‚³ã‚¢ãƒ€ãƒ³ãƒ—)
tanabe@tanabe:~/git/basic$ upm build
my_util.c: In function â€˜bubble_sortâ€™:
my_util.c:35:15: error: invalid type argument of unary â€˜*â€™ (have â€˜intâ€™)
   35 |           if (*array[j] < *array[j-1])
      |               ^~~~~~~~~
my_util.c:35:27: error: invalid type argument of unary â€˜*â€™ (have â€˜intâ€™)
   35 |           if (*array[j] < *array[j-1])
      |                           ^~~~~~~~~~~
my_util.c:37:25: warning: passing argument 1 of â€˜swapâ€™ makes pointer from integer without a cast [-Wint-conversion]
   37 |               swap(array[j], array[j-1]);
      |                    ~~~~~^~~
      |                         |
      |                         int
my_util.c:19:17: note: expected â€˜int *â€™ but argument is of type â€˜intâ€™
   19 | void swap (int *x, int *y) {
      |            ~~~~~^
my_util.c:37:35: warning: passing argument 2 of â€˜swapâ€™ makes pointer from integer without a cast [-Wint-conversion]
   37 |               swap(array[j], array[j-1]);
      |                              ~~~~~^~~~~
      |                                   |
      |                                   int
my_util.c:19:25: note: expected â€˜int *â€™ but argument is of type â€˜intâ€™
   19 | void swap (int *x, int *y) {
      |                    ~~~~~^
engine.c: In function â€˜runâ€™:
engine.c:13:15: warning: passing argument 1 of â€˜bubble_sortâ€™ from incompatible pointer type [-Wincompatible-pointer-types]
   13 |   bubble_sort(&num_array, meta.last_line);
      |               ^~~~~~~~~~
      |               |
      |               int **
In file included from include.h:11,
                 from engine.c:1:
my_util.h:2:24: note: expected â€˜int *â€™ but argument is of type â€˜int **â€™
    2 | void bubble_sort (int *array, int array_size);
      |                   ~~~~~^~~~~
tanabe@tanabe:~/git/basic$ upm build
my_util.c:20:6: error: conflicting types for â€˜bubble_sortâ€™; have â€˜void(int *, int)â€™
   20 | void bubble_sort (int *array, int n)
      |      ^~~~~~~~~~~
In file included from include.h:11,
                 from my_util.c:1:
my_util.h:2:6: note: previous declaration of â€˜bubble_sortâ€™ with type â€˜void(int **, int)â€™
    2 | void bubble_sort (int **array, int array_size);
      |      ^~~~~~~~~~~
tanabe@tanabe:~/git/basic$ upm build
engine.c: In function â€˜runâ€™:
engine.c:13:15: warning: passing argument 1 of â€˜bubble_sortâ€™ from incompatible pointer type [-Wincompatible-pointer-types]
   13 |   bubble_sort(&num_array, meta.last_line);
      |               ^~~~~~~~~~
      |               |
      |               int **
In file included from include.h:11,
                 from engine.c:1:
my_util.h:2:24: note: expected â€˜int *â€™ but argument is of type â€˜int **â€™
    2 | void bubble_sort (int *array, int array_size);
      |                   ~~~~~^~~~~
tanabe@tanabe:~/git/basic$ upm build
tanabe@tanabe:~/git/basic$ ./basic
10 a
40 b
20 c

10
20
40
35 d

10
20
35
40

10
20
35
40
  C-c C-c
tanabe@tanabe:~/git/basic$ git add .
tanabe@tanabe:~/git/basic$ git commit -m "a"
[main d4c7a0c] a
 Committer: tanabe <tanabe@tanabe>
Your name and email address were configured automatically based
on your username and hostname. Please check that they are accurate.
You can suppress this message by setting them explicitly. Run the
following command and follow the instructions in your editor to edit
your configuration file:

    git config --global --edit

After doing this, you may fix the identity used for this commit with:

    git commit --amend --reset-author

 11 files changed, 99 insertions(+), 12 deletions(-)
 create mode 100644 src/c/engine.c
 create mode 100644 src/c/engine.h
 create mode 100644 src/c/engine.o
tanabe@tanabe:~/git/basic$ git push origin main -f
Enumerating objects: 60, done.
Counting objects: 100% (60/60), done.
Delta compression using up to 4 threads
Compressing objects: 100% (50/50), done.
Writing objects: 100% (60/60), 19.36 KiB | 4.84 MiB/s, done.
Total 60 (delta 22), reused 8 (delta 0), pack-reused 0
remote: Resolving deltas: 100% (22/22), done.        
To github.com:tanabeyousuke/basic.git
 + de945a7...d4c7a0c main -> main (forced update)
tanabe@tanabe:~/git/basic$ ls
basic  src
tanabe@tanabe:~/git/basic$ upm build
engine.c: In function â€˜prompt_loopâ€™:
engine.c:29:3: error: expected â€˜;â€™ before â€˜whileâ€™
   29 |   while(meta.exit_flag == false)
      |   ^~~~~
tanabe@tanabe:~/git/basic$ upm build
tanabe@tanabe:~/git/basic$ ./basic
10 a
20 b
30 c 
40 d
45 ai
35 ad

10
20
30
35
40
45
exit
10
20
30
35
40
45
  C-c C-c
tanabe@tanabe:~/git/basic$ upm build
main.c: In function â€˜mainâ€™:
main.c:6:15: error: incompatible type for argument 1 of â€˜prompt_loopâ€™
    6 |   prompt_loop(meta);
      |               ^~~~
      |               |
      |               engine_meta
In file included from include.h:14,
                 from main.c:1:
engine.h:13:31: note: expected â€˜engine_meta *â€™ but argument is of type â€˜engine_metaâ€™
   13 | void prompt_loop(engine_meta *meta);
      |                  ~~~~~~~~~~~~~^~~~
engine.c: In function â€˜runâ€™:
engine.c:6:40: error: â€˜metaâ€™ is a pointer; did you mean to use â€˜->â€™?
    6 |   num_array = malloc(sizeof(int) * meta.last_line);
      |                                        ^
      |                                        ->
engine.c:8:26: error: â€˜metaâ€™ is a pointer; did you mean to use â€˜->â€™?
    8 |   for(int i = 0; i < meta.last_line; i++)
      |                          ^
      |                          ->
engine.c:10:26: error: â€˜metaâ€™ is a pointer; did you mean to use â€˜->â€™?
   10 |       num_array[i] = meta.program[i].num;
      |                          ^
      |                          ->
engine.c:13:30: error: â€˜metaâ€™ is a pointer; did you mean to use â€˜->â€™?
   13 |   bubble_sort(num_array, meta.last_line);
      |                              ^
      |                              ->
engine.c:17:7: warning: implicit declaration of function â€˜line_executeâ€™ [-Wimplicit-function-declaration]
   17 |       line_execute(meta)
      |       ^~~~~~~~~~~~
engine.c:17:25: error: expected â€˜;â€™ before â€˜}â€™ token
   17 |       line_execute(meta)
      |                         ^
      |                         ;
   18 |     }
      |     ~                    
engine.c: In function â€˜prompt_loopâ€™:
engine.c:30:13: error: â€˜metaâ€™ is a pointer; did you mean to use â€˜->â€™?
   30 |   while(meta.exit_flag == false)
      |             ^
      |             ->
engine.c:32:21: error: â€˜metaâ€™ is a pointer; did you mean to use â€˜->â€™?
   32 |       get_input(meta.line_buffer);
      |                     ^
      |                     ->
engine.c:34:38: error: â€˜metaâ€™ is a pointer; did you mean to use â€˜->â€™?
   34 |       bool l_or_c = code_or_line(meta.line_buffer);
      |                                      ^
      |                                      ->
engine.c:37:43: error: â€˜metaâ€™ is a pointer; did you mean to use â€˜->â€™?
   37 |           int linenum = code_line_num(meta.line_buffer);
      |                                           ^
      |                                           ->
engine.c:46:26: error: â€˜metaâ€™ is a pointer; did you mean to use â€˜->â€™?
   46 |   for(int i = 0; i < meta.last_line; i++)
      |                          ^
      |                          ->
engine.c:51:12: error: â€˜metaâ€™ is a pointer; did you mean to use â€˜->â€™?
   51 |   free(meta.program);
      |            ^
      |            ->
tanabe@tanabe:~/git/basic$ upm build
engine.c: In function â€˜runâ€™:
engine.c:6:40: error: â€˜metaâ€™ is a pointer; did you mean to use â€˜->â€™?
    6 |   num_array = malloc(sizeof(int) * meta.last_line);
      |                                        ^
      |                                        ->
engine.c:8:26: error: â€˜metaâ€™ is a pointer; did you mean to use â€˜->â€™?
    8 |   for(int i = 0; i < meta.last_line; i++)
      |                          ^
      |                          ->
engine.c:10:26: error: â€˜metaâ€™ is a pointer; did you mean to use â€˜->â€™?
   10 |       num_array[i] = meta.program[i].num;
      |                          ^
      |                          ->
engine.c:13:30: error: â€˜metaâ€™ is a pointer; did you mean to use â€˜->â€™?
   13 |   bubble_sort(num_array, meta.last_line);
      |                              ^
      |                              ->
engine.c:17:7: warning: implicit declaration of function â€˜line_executeâ€™ [-Wimplicit-function-declaration]
   17 |       line_execute(meta)
      |       ^~~~~~~~~~~~
engine.c:17:25: error: expected â€˜;â€™ before â€˜}â€™ token
   17 |       line_execute(meta)
      |                         ^
      |                         ;
   18 |     }
      |     ~                    
engine.c: In function â€˜prompt_loopâ€™:
engine.c:30:13: error: â€˜metaâ€™ is a pointer; did you mean to use â€˜->â€™?
   30 |   while(meta.exit_flag == false)
      |             ^
      |             ->
engine.c:32:21: error: â€˜metaâ€™ is a pointer; did you mean to use â€˜->â€™?
   32 |       get_input(meta.line_buffer);
      |                     ^
      |                     ->
engine.c:34:38: error: â€˜metaâ€™ is a pointer; did you mean to use â€˜->â€™?
   34 |       bool l_or_c = code_or_line(meta.line_buffer);
      |                                      ^
      |                                      ->
engine.c:37:43: error: â€˜metaâ€™ is a pointer; did you mean to use â€˜->â€™?
   37 |           int linenum = code_line_num(meta.line_buffer);
      |                                           ^
      |                                           ->
engine.c:46:26: error: â€˜metaâ€™ is a pointer; did you mean to use â€˜->â€™?
   46 |   for(int i = 0; i < meta.last_line; i++)
      |                          ^
      |                          ->
engine.c:51:12: error: â€˜metaâ€™ is a pointer; did you mean to use â€˜->â€™?
   51 |   free(meta.program);
      |            ^
      |            ->
tanabe@tanabe:~/git/basic$ upm build
engine.c: In function â€˜runâ€™:
engine.c:6:40: error: â€˜metaâ€™ is a pointer; did you mean to use â€˜->â€™?
    6 |   num_array = malloc(sizeof(int) * meta.last_line);
      |                                        ^
      |                                        ->
engine.c:8:26: error: â€˜metaâ€™ is a pointer; did you mean to use â€˜->â€™?
    8 |   for(int i = 0; i < meta.last_line; i++)
      |                          ^
      |                          ->
engine.c:10:26: error: â€˜metaâ€™ is a pointer; did you mean to use â€˜->â€™?
   10 |       num_array[i] = meta.program[i].num;
      |                          ^
      |                          ->
engine.c:13:30: error: â€˜metaâ€™ is a pointer; did you mean to use â€˜->â€™?
   13 |   bubble_sort(num_array, meta.last_line);
      |                              ^
      |                              ->
engine.c:17:7: warning: implicit declaration of function â€˜line_executeâ€™ [-Wimplicit-function-declaration]
   17 |       line_execute(meta)
      |       ^~~~~~~~~~~~
engine.c:17:25: error: expected â€˜;â€™ before â€˜}â€™ token
   17 |       line_execute(meta)
      |                         ^
      |                         ;
   18 |     }
      |     ~                    
engine.c: In function â€˜prompt_loopâ€™:
engine.c:30:13: error: â€˜metaâ€™ is a pointer; did you mean to use â€˜->â€™?
   30 |   while(meta.exit_flag == false)
      |             ^
      |             ->
engine.c:32:21: error: â€˜metaâ€™ is a pointer; did you mean to use â€˜->â€™?
   32 |       get_input(meta.line_buffer);
      |                     ^
      |                     ->
engine.c:34:38: error: â€˜metaâ€™ is a pointer; did you mean to use â€˜->â€™?
   34 |       bool l_or_c = code_or_line(meta.line_buffer);
      |                                      ^
      |                                      ->
engine.c:37:43: error: â€˜metaâ€™ is a pointer; did you mean to use â€˜->â€™?
   37 |           int linenum = code_line_num(meta.line_buffer);
      |                                           ^
      |                                           ->
engine.c:46:26: error: â€˜metaâ€™ is a pointer; did you mean to use â€˜->â€™?
   46 |   for(int i = 0; i < meta.last_line; i++)
      |                          ^
      |                          ->
tanabe@tanabe:~/git/basic$       |                                           ^
bash: äºˆæœŸã—ãªã„ãƒˆãƒ¼ã‚¯ãƒ³ `|' å‘¨è¾ºã«æ§‹æ–‡ã‚¨ãƒ©ãƒ¼ãŒã‚ã‚Šã¾ã™
tanabe@tanabe:~/git/basic$ upm build
engine.c: In function â€˜runâ€™:
engine.c:6:40: error: â€˜metaâ€™ is a pointer; did you mean to use â€˜->â€™?
    6 |   num_array = malloc(sizeof(int) * meta.last_line);
      |                                        ^
      |                                        ->
engine.c:8:26: error: â€˜metaâ€™ is a pointer; did you mean to use â€˜->â€™?
    8 |   for(int i = 0; i < meta.last_line; i++)
      |                          ^
      |                          ->
engine.c:10:26: error: â€˜metaâ€™ is a pointer; did you mean to use â€˜->â€™?
   10 |       num_array[i] = meta.program[i].num;
      |                          ^
      |                          ->
engine.c:13:30: error: â€˜metaâ€™ is a pointer; did you mean to use â€˜->â€™?
   13 |   bubble_sort(num_array, meta.last_line);
      |                              ^
      |                              ->
engine.c:17:7: warning: implicit declaration of function â€˜line_executeâ€™ [-Wimplicit-function-declaration]
   17 |       line_execute(meta)
      |       ^~~~~~~~~~~~
engine.c:17:25: error: expected â€˜;â€™ before â€˜}â€™ token
   17 |       line_execute(meta)
      |                         ^
      |                         ;
   18 |     }
      |     ~                    
engine.c: In function â€˜prompt_loopâ€™:
engine.c:30:13: error: â€˜metaâ€™ is a pointer; did you mean to use â€˜->â€™?
   30 |   while(meta.exit_flag == false)
      |             ^
      |             ->
tanabe@tanabe:~/git/basic$ upm build
engine.c: In function â€˜runâ€™:
engine.c:13:30: error: â€˜metaâ€™ is a pointer; did you mean to use â€˜->â€™?
   13 |   bubble_sort(num_array, meta.last_line);
      |                              ^
      |                              ->
engine.c:17:7: warning: implicit declaration of function â€˜line_executeâ€™ [-Wimplicit-function-declaration]
   17 |       line_execute(meta)
      |       ^~~~~~~~~~~~
engine.c:17:25: error: expected â€˜;â€™ before â€˜}â€™ token
   17 |       line_execute(meta)
      |                         ^
      |                         ;
   18 |     }
      |     ~                    
tanabe@tanabe:~/git/basic$ upm build
engine.c: In function â€˜runâ€™:
engine.c:17:7: warning: implicit declaration of function â€˜line_executeâ€™ [-Wimplicit-function-declaration]
   17 |       line_execute(meta);
      |       ^~~~~~~~~~~~
/usr/bin/ld: src/c/engine.o: in function `run':
engine.c:(.text+0xa6): undefined reference to `line_execute'
collect2: error: ld returned 1 exit status
tanabe@tanabe:~/git/basic$ upm build
engine.c: In function â€˜runâ€™:
engine.c:17:7: error: unknown type name â€˜code_ineâ€™; did you mean â€˜code_lineâ€™?
   17 |       code_ine a_line;
      |       ^~~~~~~~
      |       code_line
engine.c:22:24: error: incompatible types when assigning to type â€˜intâ€™ from type â€˜code_lineâ€™
   22 |               a_line = meta->program[ro];
      |                        ^~~~
engine.c:26:23: error: too many arguments to function â€˜line_executeâ€™
   26 |       int next_line = line_execute(meta, a_line, meta->num_array);
      |                       ^~~~~~~~~~~~
In file included from include.h:14,
                 from engine.c:1:
engine.h:13:5: note: declared here
   13 | int line_execute(engine_meta *meta);
      |     ^~~~~~~~~~~~
engine.c:46:8: error: â€˜num_arrayâ€™ undeclared (first use in this function)
   46 |   free(num_array);
      |        ^~~~~~~~~
engine.c:46:8: note: each undeclared identifier is reported only once for each function it appears in
/usr/bin/ld: src/c/engine.o: in function `run':
engine.c:(.text+0xa6): undefined reference to `line_execute'
collect2: error: ld returned 1 exit status
tanabe@tanabe:~/git/basic$ upm build
/usr/bin/ld: src/c/engine.o: in function `run':
engine.c:(.text+0x1c0): undefined reference to `line_execute'
collect2: error: ld returned 1 exit status
tanabe@tanabe:~/git/basic$ upm build
tanabe@tanabe:~/git/basic$ ./basic
10 aiu
20 eoka
30 kikuke




  C-c C-c
tanabe@tanabe:~/git/basic$ upm build
tanabe@tanabe:~/git/basic$ ./basic
10 aiu
20 eoa
30 iue




  C-c C-c
tanabe@tanabe:~/git/basic$ upm build
tanabe@tanabe:~/git/basic$ ./basic
10 aiu
20 eoa
30 iue

aiu
eoa
iue
exit
aiu
eoa
iue
  C-c C-c
tanabe@tanabe:~/git/basic$ upm build
tanabe@tanabe:~/git/basic$ ./basic
10 a
20 b
30 c

a
b
c
  C-c C-c
tanabe@tanabe:~/git/basic$ 
tanabe@tanabe:~/git/basic$ upm build
tanabe@tanabe:~/git/basic$ ./basic
10 a
20 b
30 c

match

match

match

  C-c C-c
tanabe@tanabe:~/git/basic$ upm build
tanabe@tanabe:~/git/basic$ ./basic
10 abc
20 def
30 ghi

match
abc
match
def
match
ghi
  C-c C-c
tanabe@tanabe:~/git/basic$ upm build
tanabe@tanabe:~/git/basic$ ./basic
10 abc
20 def
30 ghi

abc
def
ghi
  C-c C-c
tanabe@tanabe:~/git/basic$ upm build
engine.c: In function â€˜line_executeâ€™:
engine.c:23:18: error: â€˜operateâ€™ undeclared (first use in this function)
   23 |   printf("%s\n", operate);
      |                  ^~~~~~~
engine.c:23:18: note: each undeclared identifier is reported only once for each function it appears in
tanabe@tanabe:~/git/basic$ upm build
tanabe@tanabe:~/git/basic$ ./basic
10 aiu and
20 eoa or
30 iue xor

aiu and
aiu€
eoa or
eoa€
iue xor
iue€
  C-c C-c
tanabe@tanabe:~/git/basic$ upm build
tanabe@tanabe:~/git/basic$ ./basic

10 aiu adn
30 eoa or
20 iue xor

aiuàÃÊà
iueàÃÊà
eoaàÃÊà
  C-c C-c
tanabe@tanabe:~/git/basic$ upm build
tanabe@tanabe:~/git/basic$ ./basic
10 aiu and
20 eoa or
30 iue xor

aiu`Ö 
eoa`Ö 
iue`Ö 
  C-c C-c
tanabe@tanabe:~/git/basic$ upm build
tanabe@tanabe:~/git/basic$ ./basic
10 aiu and
20 eoa or
30 iue xor

aiu[rÈ
eoa[rÈ
iue[rÈ
  C-c C-c
tanabe@tanabe:~/git/basic$ upm build
engine.c: In function â€˜line_executeâ€™:
engine.c:14:7: error: â€˜opearate_bufferâ€™ undeclared (first use in this function); did you mean â€˜operate_bufferâ€™?
   14 |       opearate_buffer[end - start] = '\0';
      |       ^~~~~~~~~~~~~~~
      |       operate_buffer
engine.c:14:7: note: each undeclared identifier is reported only once for each function it appears in
tanabe@tanabe:~/git/basic$ upm build
tanabe@tanabe:~/git/basic$ ./basic
10 aiu and
20 eoa or
30 iue xor

aiu
eoa
iue
  C-c C-c
tanabe@tanabe:~/git/basic$ ./basic
10 aiu and
20 eoaiueoaiue or

aiu
å‘½ä»¤ã®æ–‡å­—æ•°ãŒå¤šã™ãã‚‹æ°—ãŒã—ã¾ã™ã€‚@20è¡Œç›®
  C-c C-c
tanabe@tanabe:~/git/basic$ upm build
engine.c: In function â€˜prompt_loopâ€™:
engine.c:94:15: error: â€˜engine_metaâ€™ has no member named â€˜error_flagâ€™
   94 |           meta->error_flag = false;
      |               ^~
tanabe@tanabe:~/git/basic$ upm build
tanabe@tanabe:~/git/basic$ ./basic
10 aiu
20 aoaiueoaiue or

aiu
å‘½ä»¤ã®æ–‡å­—æ•°ãŒå¤šã™ãã‚‹æ°—ãŒã—ã¾ã™ã€‚@20è¡Œç›®
ã‚¨ãƒ©ãƒ¼ ã‚³ãƒ¼ãƒ‰ã«èª¤ã‚ŠãŒã‚ã‚‹ãã†ã§ã™ã€‚ä¸Šã«ã‚¨ãƒ©ãƒ¼ã®å†…å®¹ãŒå‡ºã¦ã‚‹ã¯ãšãªã®ã§ã€ä¿®æ­£ã—ã¦ãã ã•ã„ã€‚

aiu
å‘½ä»¤ã®æ–‡å­—æ•°ãŒå¤šã™ãã‚‹æ°—ãŒã—ã¾ã™ã€‚@20è¡Œç›®
ã‚¨ãƒ©ãƒ¼ ã‚³ãƒ¼ãƒ‰ã«èª¤ã‚ŠãŒã‚ã‚‹ãã†ã§ã™ã€‚ä¸Šã«ã‚¨ãƒ©ãƒ¼ã®å†…å®¹ãŒå‡ºã¦ã‚‹ã¯ãšãªã®ã§ã€ä¿®æ­£ã—ã¦ãã ã•ã„ã€‚
  C-c C-c
tanabe@tanabe:~/git/basic$ upm addfile operate.c
tanabe@tanabe:~/git/basic$ 
tanabe@tanabe:~/git/basic$ ls
basic  src
tanabe@tanabe:~/git/basic$ upm build
operate.c: In function â€˜goto_operateâ€™:
operate.c:8:13: error: â€˜formulaâ€™ undeclared (first use in this function); did you mean â€˜formula_endâ€™?
    8 |   get_token(formula, &start, &end);
      |             ^~~~~~~
      |             formula_end
operate.c:8:13: note: each undeclared identifier is reported only once for each function it appears in
operate.c:12:15: error: â€˜bufferâ€™ undeclared (first use in this function); did you mean â€˜buffer1â€™?
   12 |       strncpy(buffer, &formula[start], end - start);
      |               ^~~~~~
      |               buffer1
operate.c:27:10: error: â€˜num_arrayâ€™ undeclared (first use in this function)
   27 |       if(num_array[i] == goto_num)
      |          ^~~~~~~~~
operate.c:36:14: error: â€˜got_numâ€™ undeclared (first use in this function); did you mean â€˜goto_numâ€™?
   36 |       return got_num;
      |              ^~~~~~~
      |              goto_num
operate.o not found. most likely due to a compilation failure.
  at /home/tanabe/.bin/upm line 162, <SRCLIST> line 7.
tanabe@tanabe:~/git/basic$ upm build
operate.c: In function â€˜goto_operateâ€™:
operate.c:12:24: error: â€˜formulaâ€™ undeclared (first use in this function)
   12 |       strncpy(buffer, &formula[start], end - start);
      |                        ^~~~~~~
operate.c:12:24: note: each undeclared identifier is reported only once for each function it appears in
operate.c:27:10: error: â€˜num_arrayâ€™ undeclared (first use in this function)
   27 |       if(num_array[i] == goto_num)
      |          ^~~~~~~~~
operate.c:36:14: error: â€˜got_numâ€™ undeclared (first use in this function); did you mean â€˜goto_numâ€™?
   36 |       return got_num;
      |              ^~~~~~~
      |              goto_num
operate.o not found. most likely due to a compilation failure.
  at /home/tanabe/.bin/upm line 162, <SRCLIST> line 7.
tanabe@tanabe:~/git/basic$ upm build
operate.c: In function â€˜goto_operateâ€™:
operate.c:12:24: error: â€˜formulaâ€™ undeclared (first use in this function)
   12 |       strncpy(buffer, &formula[start], end - start);
      |                        ^~~~~~~
operate.c:12:24: note: each undeclared identifier is reported only once for each function it appears in
operate.c:27:10: error: â€˜num_arrayâ€™ undeclared (first use in this function)
   27 |       if(num_array[i] == goto_num)
      |          ^~~~~~~~~
operate.c:36:14: error: â€˜got_numâ€™ undeclared (first use in this function); did you mean â€˜goto_numâ€™?
   36 |       return got_num;
      |              ^~~~~~~
      |              goto_num
operate.o not found. most likely due to a compilation failure.
  at /home/tanabe/.bin/upm line 162, <SRCLIST> line 7.
tanabe@tanabe:~/git/basic$ upm build
operate.c: In function â€˜goto_operateâ€™:
operate.c:12:24: error: â€˜formulaâ€™ undeclared (first use in this function)
   12 |       strncpy(buffer, &formula[start], end - start);
      |                        ^~~~~~~
operate.c:12:24: note: each undeclared identifier is reported only once for each function it appears in
operate.c:27:10: error: â€˜num_arrayâ€™ undeclared (first use in this function)
   27 |       if(num_array[i] == goto_num)
      |          ^~~~~~~~~
operate.c:36:14: error: â€˜got_numâ€™ undeclared (first use in this function); did you mean â€˜goto_numâ€™?
   36 |       return got_num;
      |              ^~~~~~~
      |              goto_num
operate.o not found. most likely due to a compilation failure.
  at /home/tanabe/.bin/upm line 162, <SRCLIST> line 7.
tanabe@tanabe:~/git/basic$ upm build
operate.c: In function â€˜goto_operateâ€™:
operate.c:27:10: error: â€˜num_arrayâ€™ undeclared (first use in this function)
   27 |       if(num_array[i] == goto_num)
      |          ^~~~~~~~~
operate.c:27:10: note: each undeclared identifier is reported only once for each function it appears in
operate.c:36:14: error: â€˜got_numâ€™ undeclared (first use in this function); did you mean â€˜goto_numâ€™?
   36 |       return got_num;
      |              ^~~~~~~
      |              goto_num
operate.o not found. most likely due to a compilation failure.
  at /home/tanabe/.bin/upm line 162, <SRCLIST> line 7.
tanabe@tanabe:~/git/basic$ upm build
tanabe@tanabe:~/git/basic$ ./basic
10 goto 10

Segmentation fault (ã‚³ã‚¢ãƒ€ãƒ³ãƒ—)
tanabe@tanabe:~/git/basic$ ./basic
10 goto 20

Segmentation fault (ã‚³ã‚¢ãƒ€ãƒ³ãƒ—)
tanabe@tanabe:~/git/basic$ upm build
operate.c: In function â€˜goto_operateâ€™:
operate.c:10:14: error: expected â€˜;â€™ before â€˜ifâ€™
   10 |   printf("a")
      |              ^
      |              ;
   11 |   if(end - start < 10)
      |   ~~          
operate.c:23:24: error: â€˜goto_numâ€™ undeclared (first use in this function)
   23 |   sscanf(buffer, "%d", goto_num);
      |                        ^~~~~~~~
operate.c:23:24: note: each undeclared identifier is reported only once for each function it appears in
tanabe@tanabe:~/git/basic$ upm build
tanabe@tanabe:~/git/basic$ ./basic
10 goto 10

Segmentation fault (ã‚³ã‚¢ãƒ€ãƒ³ãƒ—)
tanabe@tanabe:~/git/basic$ upm build
tanabe@tanabe:~/git/basic$ ./basic
got 10

  C-c C-c
tanabe@tanabe:~/git/basic$ ./basic
goto 10

  C-c C-c
tanabe@tanabe:~/git/basic$ upm build
tanabe@tanabe:~/git/basic$ ./basic
10 goto 10

Segmentation fault (ã‚³ã‚¢ãƒ€ãƒ³ãƒ—)
tanabe@tanabe:~/git/basic$ upm build
tanabe@tanabe:~/git/basic$ ./basic
10 goto 10

a
Segmentation fault (ã‚³ã‚¢ãƒ€ãƒ³ãƒ—)
tanabe@tanabe:~/git/basic$ upm build
tanabe@tanabe:~/git/basic$ ./basic
10 goto 10

 10
Segmentation fault (ã‚³ã‚¢ãƒ€ãƒ³ãƒ—)
tanabe@tanabe:~/git/basic$ ./basic
5 goto 10 

 10 
Segmentation fault (ã‚³ã‚¢ãƒ€ãƒ³ãƒ—)
tanabe@tanabe:~/git/basic$ upm build
tanabe@tanabe:~/git/basic$ ./basic
5 goto 10

 10
 10
Segmentation fault (ã‚³ã‚¢ãƒ€ãƒ³ãƒ—)
tanabe@tanabe:~/git/basic$ upm build
tanabe@tanabe:~/git/basic$ ./basic
5 goto 10

 10
Segmentation fault (ã‚³ã‚¢ãƒ€ãƒ³ãƒ—)
tanabe@tanabe:~/git/basic$ upm build
tanabe@tanabe:~/git/basic$ ./basic
5 goto 10

 10
Segmentation fault (ã‚³ã‚¢ãƒ€ãƒ³ãƒ—)
tanabe@tanabe:~/git/basic$ upm build
tanabe@tanabe:~/git/basic$ ./basic

5 goto 10

Segmentation fault (ã‚³ã‚¢ãƒ€ãƒ³ãƒ—)
tanabe@tanabe:~/git/basic$ upm build
tanabe@tanabe:~/git/basic$ ./basic
5 goto 10


ä¸æ­£ãªè¡Œç•ªå·ã§ã™ã€‚  C-c C-c
tanabe@tanabe:~/git/basic$ ./basic
10 a
20 goto 10

ä¸æ˜ãªå‘½ä»¤ã§ã™ã€‚@10è¡Œç›®
ã‚¨ãƒ©ãƒ¼ ã‚³ãƒ¼ãƒ‰ã«èª¤ã‚ŠãŒã‚ã‚‹ãã†ã§ã™ã€‚ä¸Šã«ã‚¨ãƒ©ãƒ¼ã®å†…å®¹ãŒå‡ºã¦ã‚‹ã¯ãšãªã®ã§ã€ä¿®æ­£ã—ã¦ãã ã•ã„ã€‚

ä¸æ˜ãªå‘½ä»¤ã§ã™ã€‚@10è¡Œç›®
ã‚¨ãƒ©ãƒ¼ ã‚³ãƒ¼ãƒ‰ã«èª¤ã‚ŠãŒã‚ã‚‹ãã†ã§ã™ã€‚ä¸Šã«ã‚¨ãƒ©ãƒ¼ã®å†…å®¹ãŒå‡ºã¦ã‚‹ã¯ãšãªã®ã§ã€ä¿®æ­£ã—ã¦ãã ã•ã„ã€‚
  C-c C-c
tanabe@tanabe:~/git/basic$ upm build
engine.c: In function â€˜line_executeâ€™:
engine.c:31:38: warning: passing argument 3 of â€˜get_tokenâ€™ makes pointer from integer without a cast [-Wint-conversion]
   31 |       get_token(a_line.line, &start, end);
      |                                      ^~~
      |                                      |
      |                                      int
In file included from include.h:11,
                 from engine.c:1:
my_util.h:1:51: note: expected â€˜int *â€™ but argument is of type â€˜intâ€™
    1 | void get_token(const char* line, int* start, int* end);
      |                                              ~~~~~^~~
operate.c: In function â€˜print_operateâ€™:
operate.c:47:3: error: â€˜printâ€™ undeclared (first use in this function); did you mean â€˜printfâ€™?
   47 |   print
      |   ^~~~~
      |   printf
operate.c:47:3: note: each undeclared identifier is reported only once for each function it appears in
operate.c:47:8: error: expected â€˜;â€™ before â€˜}â€™ token
   47 |   print
      |        ^
      |        ;
   48 | }
      | ~       
/usr/bin/ld: src/c/engine.o: in function `line_execute':
engine.c:(.text+0x14c): undefined reference to `print_operate'
collect2: error: ld returned 1 exit status
tanabe@tanabe:~/git/basic$ upm build
engine.c: In function â€˜line_executeâ€™:
engine.c:31:38: warning: passing argument 3 of â€˜get_tokenâ€™ makes pointer from integer without a cast [-Wint-conversion]
   31 |       get_token(a_line.line, &start, end);
      |                                      ^~~
      |                                      |
      |                                      int
In file included from include.h:11,
                 from engine.c:1:
my_util.h:1:51: note: expected â€˜int *â€™ but argument is of type â€˜intâ€™
    1 | void get_token(const char* line, int* start, int* end);
      |                                              ~~~~~^~~
tanabe@tanabe:~/git/basic$ upm build
engine.c: In function â€˜line_executeâ€™:
engine.c:31:38: error: invalid type argument of unary â€˜*â€™ (have â€˜intâ€™)
   31 |       get_token(a_line.line, &start, *end);
      |                                      ^~~~
tanabe@tanabe:~/git/basic$ upm build
tanabe@tanabe:~/git/basic$ upm build
operate.c: In function â€˜print_operateâ€™:
operate.c:55:7: error: â€˜bufferâ€™ undeclared (first use in this function); did you mean â€˜buffer1â€™?
   55 |       buffer[end - start] = '\0';
      |       ^~~~~~
      |       buffer1
operate.c:55:7: note: each undeclared identifier is reported only once for each function it appears in
operate.c:63:13: error: â€˜operate_bufferâ€™ undeclared (first use in this function)
   63 |   if(strcmp(operate_buffer, "const") == 0)
      |             ^~~~~~~~~~~~~~
tanabe@tanabe:~/git/basic$ upm build
operate.c: In function â€˜print_operateâ€™:
operate.c:59:15: error: â€˜bufferâ€™ undeclared (first use in this function); did you mean â€˜buffer1â€™?
   59 |       strncpy(buffer, &param[start], 9);
      |               ^~~~~~
      |               buffer1
operate.c:59:15: note: each undeclared identifier is reported only once for each function it appears in
operate.c:63:13: error: â€˜operate_bufferâ€™ undeclared (first use in this function)
   63 |   if(strcmp(operate_buffer, "const") == 0)
      |             ^~~~~~~~~~~~~~
tanabe@tanabe:~/git/basic$ upm build
tanabe@tanabe:~/git/basic$ ./basic
10 print const, hello!


  C-c C-c
tanabe@tanabe:~/git/basic$ upm build
tanabe@tanabe:~/git/basic$ ./basic
10 print const, hello!

s
  C-c C-c
tanabe@tanabe:~/git/basic$ upm build
tanabe@tanabe:~/git/basic$ 10 print const, hello!
10: ã‚³ãƒãƒ³ãƒ‰ãŒè¦‹ã¤ã‹ã‚Šã¾ã›ã‚“
tanabe@tanabe:~/git/basic$ 
tanabe@tanabe:~/git/basic$ ./basic
10 print const, hello!

 hello!
  C-c C-c
tanabe@tanabe:~/git/basic$ upm build
tanabe@tanabe:~/git/basic$ 10 print const, hello!
10: ã‚³ãƒãƒ³ãƒ‰ãŒè¦‹ã¤ã‹ã‚Šã¾ã›ã‚“
tanabe@tanabe:~/git/basic$ ./basic
10 print const, hello!

a_line.line[end] hello!

a_line.line[end] hello!
  C-c C-c
tanabe@tanabe:~/git/basic$upm build 
tanabe@tanabe:~/git/basic$ ./basic
10 print const, hello!

a_line.line[end] hello!
  C-c C-c
tanabe@tanabe:~/git/basic$ upm build
tanabe@tanabe:~/git/basic$ ./basic
10 print const, hello!

 hello!
 hello!
  C-c C-c
tanabe@tanabe:~/git/basic$ upm build
tanabe@tanabe:~/git/basic$ ./basic
10 print const, hello!

print const, hello!
 hello!
  C-c C-c
tanabe@tanabe:~/git/basic$ upm build
tanabe@tanabe:~/git/basic$ upm build
tanabe@tanabe:~/git/basic$ ./basic
10 print const, hello!

6, c 
   C-c C-c
tanabe@tanabe:~/git/basic$ upm build
tanabe@tanabe:~/git/basic$ ./basic
10 print const, hello!\n

, hello!10 print const, hello!

, hello!
, hello!
, hello!
, hello!  C-c C-c
tanabe@tanabe:~/git/basic$ 10 print const, hello!
10: ã‚³ãƒãƒ³ãƒ‰ãŒè¦‹ã¤ã‹ã‚Šã¾ã›ã‚“
tanabe@tanabe:~/git/basic$ ./basic
10 print const, hello!\n

, hello!\n  C-c C-c
tanabe@tanabe:~/git/basic$ upm build
tanabe@tanabe:~/git/basic$ ./basic
10 print const, hello!\n

hello!\n
hello!\n  C-c C-c
tanabe@tanabe:~/git/basic$ upm build
/usr/bin/ld: src/c/operate.o: in function `use_escape':
operate.c:(.text+0x264): multiple definition of `use_escape'; src/c/my_util.o:my_util.c:(.text+0x22f): first defined here
collect2: error: ld returned 1 exit status
tanabe@tanabe:~/git/basic$ upm build
tanabe@tanabe:~/git/basic$ ./basic
10 print const, hello!\n

hello!\n  C-c C-c
tanabe@tanabe:~/git/basic$ upm build
operate.c: In function â€˜print_operateâ€™:
operate.c:69:18: warning: passing argument 1 of â€˜use_escapeâ€™ from incompatible pointer type [-Wincompatible-pointer-types]
   69 |       use_escape(&buffer2);
      |                  ^~~~~~~~
      |                  |
      |                  char (*)[512]
In file included from include.h:11,
                 from operate.c:1:
my_util.h:4:23: note: expected â€˜char *â€™ but argument is of type â€˜char (*)[512]â€™
    4 | void use_escape(char* line);
      |                 ~~~~~~^~~~
tanabe@tanabe:~/git/basic$ upm build
tanabe@tanabe:~/git/basic$ ./asic
bash: ./asic: ãã®ã‚ˆã†ãªãƒ•ã‚¡ã‚¤ãƒ«ã‚„ãƒ‡ã‚£ãƒ¬ã‚¯ãƒˆãƒªã¯ã‚ã‚Šã¾ã›ã‚“
tanabe@tanabe:~/git/basic$ ./basic
10 print const, hello!\n

hello!
10 print "hello!"

hello!
hello!10 print const, hello!\n

hello!
  C-c C-c
tanabe@tanabe:~/git/basic$ ./basic
  C-c C-c
tanabe@tanabe:~/git/basic$ upm build
operate.c: In function â€˜print_operateâ€™:
operate.c:60:6: error: â€˜bufferâ€™ undeclared (first use in this function); did you mean â€˜buffer1â€™?
   60 |   if(buffer[0] == '"' && buffer[(end - 1) - start] == '"')
      |      ^~~~~~
      |      buffer1
operate.c:60:6: note: each undeclared identifier is reported only once for each function it appears in
tanabe@tanabe:~/git/basic$ upm build
operate.c: In function â€˜print_operateâ€™:
operate.c:60:6: error: â€˜bufferâ€™ undeclared (first use in this function); did you mean â€˜buffer1â€™?
   60 |   if(buffer[0] == '"' && buffer1[(end - 1) - start] == '"')
      |      ^~~~~~
      |      buffer1
operate.c:60:6: note: each undeclared identifier is reported only once for each function it appears in
tanabe@tanabe:~/git/basic$ upm build
tanabe@tanabe:~/git/basic$ ./basic
10 print "hello!"

hello!"  C-c C-c
tanabe@tanabe:~/git/basic$ upm build
tanabe@tanabe:~/git/basic$ ./basic
10 print "hello!"

hello!"  C-c C-c
tanabe@tanabe:~/git/basic$ upm build
tanabe@tanabe:~/git/basic$ ./basic
10 print "hello!"

hello!"  C-c C-c
tanabe@tanabe:~/git/basic$ upm build
tanabe@tanabe:~/git/basic$ ./basic
10 print "hello! how are you? \n"

hello!10 print "hello! how are you? \n"

hello! how are you? 
20 goto 10

hello! how are you? 
ä¸æ­£ãªè¡Œç•ªå·ã§ã™ã€‚  C-c C-c
tanabe@tanabe:~/git/basic$ upm build
hensuu.c:36:5: error: conflicting types for â€˜movâ€™; have â€˜int(hensuu *, int,  const char *, int,  void *)â€™
   36 | int mov(hensuu* vars, int current_size,  const char* name, int type, void* data)
      |     ^~~
In file included from include.h:12,
                 from hensuu.c:1:
hensuu.h:12:5: note: previous declaration of â€˜movâ€™ with type â€˜int(hensuu **, int *, const char *, int,  void *)â€™
   12 | int mov(hensuu** vars, int *current_size,  const char* name, int type, void* data);
      |     ^~~
hensuu.c: In function â€˜movâ€™:
hensuu.c:49:31: warning: dereferencing â€˜void *â€™ pointer
   49 |       a_hensuu->data_i = (int)*data;
      |                               ^~~~~
hensuu.c:49:26: error: invalid use of void expression
   49 |       a_hensuu->data_i = (int)*data;
      |                          ^
hensuu.c:53:33: warning: dereferencing â€˜void *â€™ pointer
   53 |       a_hensuu->data_f = (float)*data;
      |                                 ^~~~~
hensuu.c:53:26: error: invalid use of void expression
   53 |       a_hensuu->data_f = (float)*data;
      |                          ^
tanabe@tanabe:~/git/basic$ upm build
hensuu.c: In function â€˜movâ€™:
hensuu.c:49:31: warning: dereferencing â€˜void *â€™ pointer
   49 |       a_hensuu->data_i = (int)*data;
      |                               ^~~~~
hensuu.c:49:26: error: invalid use of void expression
   49 |       a_hensuu->data_i = (int)*data;
      |                          ^
hensuu.c:53:33: warning: dereferencing â€˜void *â€™ pointer
   53 |       a_hensuu->data_f = (float)*data;
      |                                 ^~~~~
hensuu.c:53:26: error: invalid use of void expression
   53 |       a_hensuu->data_f = (float)*data;
      |                          ^
tanabe@tanabe:~/git/basic$ upm build
hensuu.c: In function â€˜movâ€™:
hensuu.c:49:27: warning: cast from pointer to integer of different size [-Wpointer-to-int-cast]
   49 |       a_hensuu->data_i = *(int)data;
      |                           ^
hensuu.c:49:26: error: invalid type argument of unary â€˜*â€™ (have â€˜intâ€™)
   49 |       a_hensuu->data_i = *(int)data;
      |                          ^~~~~~~~~~
hensuu.c:53:7: error: pointer value used where a floating-point was expected
   53 |       a_hensuu->data_f = *(float)data;
      |       ^~~~~~~~
hensuu.c:53:26: error: invalid type argument of unary â€˜*â€™ (have â€˜floatâ€™)
   53 |       a_hensuu->data_f = *(float)data;
      |                          ^~~~~~~~~~~~
tanabe@tanabe:~/git/basic$ upm build
tanabe@tanabe:~/git/basic$ ./basic
10 a
20 b
30 c

ä¸æ˜ãªå‘½ä»¤ã§ã™ã€‚@10è¡Œç›®
ã‚¨ãƒ©ãƒ¼ ã‚³ãƒ¼ãƒ‰ã«èª¤ã‚ŠãŒã‚ã‚‹ãã†ã§ã™ã€‚ä¸Šã«ã‚¨ãƒ©ãƒ¼ã®å†…å®¹ãŒå‡ºã¦ã‚‹ã¯ãšãªã®ã§ã€ä¿®æ­£ã—ã¦ãã ã•ã„ã€‚
5 goto 10

ä¸æ­£ãªè¡Œç•ªå·ã§ã™ã€‚ä¸æ˜ãªå‘½ä»¤ã§ã™ã€‚@10è¡Œç›®
ã‚¨ãƒ©ãƒ¼ ã‚³ãƒ¼ãƒ‰ã«èª¤ã‚ŠãŒã‚ã‚‹ãã†ã§ã™ã€‚ä¸Šã«ã‚¨ãƒ©ãƒ¼ã®å†…å®¹ãŒå‡ºã¦ã‚‹ã¯ãšãªã®ã§ã€ä¿®æ­£ã—ã¦ãã ã•ã„ã€‚
10 print "aiu"
20 goto  10

ä¸æ­£ãªè¡Œç•ªå·ã§ã™ã€‚aiuä¸æ­£ãªè¡Œç•ªå·ã§ã™ã€‚ä¸æ˜ãªå‘½ä»¤ã§ã™ã€‚@30è¡Œç›®
ã‚¨ãƒ©ãƒ¼ ã‚³ãƒ¼ãƒ‰ã«èª¤ã‚ŠãŒã‚ã‚‹ãã†ã§ã™ã€‚ä¸Šã«ã‚¨ãƒ©ãƒ¼ã®å†…å®¹ãŒå‡ºã¦ã‚‹ã¯ãšãªã®ã§ã€ä¿®æ­£ã—ã¦ãã ã•ã„ã€‚
30 print "eoka"

ä¸æ­£ãªè¡Œç•ªå·ã§ã™ã€‚aiuä¸æ­£ãªè¡Œç•ªå·ã§ã™ã€‚eoka
ä¸æ­£ãªè¡Œç•ªå·ã§ã™ã€‚aiuä¸æ­£ãªè¡Œç•ªå·ã§ã™ã€‚eoka  C-c C-c
tanabe@tanabe:~/git/basic$upm build 
tanabe@tanabe:~/git/basic$ ./basic
10 print "aiueo"
20 goto 10

aiueoä¸æ­£ãªè¡Œç•ªå·ã§ã™ã€‚c  C-c C-c
tanabe@tanabe:~/git/basic$ git ../
git: '../' is not a git command. See 'git --help'.
tanabe@tanabe:~/git/basic$ git add .
tanabe@tanabe:~/git/basic$ git commit -m "é€²ã‚ã‚‹ã"
[main 035911a] é€²ã‚ã‚‹ã
 Committer: tanabe <tanabe@tanabe>
Your name and email address were configured automatically based
on your username and hostname. Please check that they are accurate.
You can suppress this message by setting them explicitly. Run the
following command and follow the instructions in your editor to edit
your configuration file:

    git config --global --edit

After doing this, you may fix the identity used for this commit with:

    git commit --amend --reset-author

 19 files changed, 2565 insertions(+), 44 deletions(-)
 create mode 100644 *shell*
 create mode 120000 .#*shell*
 create mode 100644 src/c/operate.c
 create mode 100644 src/c/operate.h
 create mode 100644 src/c/operate.o
tanabe@tanabe:~/git/basic$ git push origin main
Enumerating objects: 40, done.
Counting objects: 100% (40/40), done.
Delta compression using up to 4 threads
Compressing objects: 100% (21/21), done.
Writing objects: 100% (23/23), 19.34 KiB | 3.87 MiB/s, done.
Total 23 (delta 6), reused 0 (delta 0), pack-reused 0
remote: Resolving deltas: 100% (6/6), completed with 6 local objects.        
To github.com:tanabeyousuke/basic.git
   d4c7a0c..035911a  main -> main
tanabe@tanabe:~/git/basic$upm build
tanabe@tanabe:~/git/basic$ upm build
tanabe@tanabe:~/git/basic$ upm build
hensuu.c:36:5: error: conflicting types for â€˜movâ€™; have â€˜int(hensuu *, int,  const char *, const char *)â€™
   36 | int mov(hensuu* vars, int current_size,  const char* name, const char* formula)
      |     ^~~
In file included from include.h:12,
                 from hensuu.c:1:
hensuu.h:12:5: note: previous declaration of â€˜movâ€™ with type â€˜int(hensuu *, int,  const char *, int,  void *)â€™
   12 | int mov(hensuu* vars, int current_size,  const char* name, int type, void* data);
      |     ^~~
tanabe@tanabe:~/git/basic$ upm build
tanabe@tanabe:~/git/basic$ ./basic
  C-c C-c
tanabe@tanabe:~/git/basic$ upm build
tanabe@tanabe:~/git/basic$ upm build
tanabe@tanabe:~/git/basic$ ./basic
10 goto 10

0, 10
ä¸æ­£ãªè¡Œç•ªå·ã§ã™ã€‚
  C-c C-c
tanabe@tanabe:~/git/basic$ upm build
tanabe@tanabe:~/git/basic$ ./basic
10 goto 10

0, 10, 
ä¸æ­£ãªè¡Œç•ªå·ã§ã™ã€‚
  C-c C-c
tanabe@tanabe:~/git/basic$ upm build
tanabe@tanabe:~/git/basic$ ./basic
10 goto 10

0, 10, 32766
ä¸æ­£ãªè¡Œç•ªå·ã§ã™ã€‚
  C-c C-c
tanabe@tanabe:~/git/basic$ upm build
tanabe@tanabe:~/git/basic$ ./basic
10 goto 10

0, 10, 
ä¸æ­£ãªè¡Œç•ªå·ã§ã™ã€‚
  C-c C-c
tanabe@tanabe:~/git/basic$ upm build
tanabe@tanabe:~/git/basic$ ./basic
10 goto 10


ä¸æ­£ãªè¡Œç•ªå·ã§ã™ã€‚
  C-c C-c
tanabe@tanabe:~/git/basic$ upm build
tanabe@tanabe:~/git/basic$ ./basic
10 goto 10


ä¸æ­£ãªè¡Œç•ªå·ã§ã™ã€‚
  C-c C-c
tanabe@tanabe:~/git/basic$ upm build
tanabe@tanabe:~/git/basic$ ./basic
10 goto 10


ä¸æ­£ãªè¡Œç•ªå·ã§ã™ã€‚
  C-c C-c
tanabe@tanabe:~/git/basic$ upm build
engine.c: In function â€˜line_executeâ€™:
engine.c:26:34: error: expected â€˜;â€™ before â€˜intâ€™
   26 |       printf("%s\n", a_line.line)
      |                                  ^
      |                                  ;
   27 |       int goto_num = goto_operate(meta, &a_line.line[end]);
      |       ~~~                         
engine.c:28:14: error: â€˜goto_numâ€™ undeclared (first use in this function)
   28 |       return goto_num;
      |              ^~~~~~~~
engine.c:28:14: note: each undeclared identifier is reported only once for each function it appears in
tanabe@tanabe:~/git/basic$ upm build
tanabe@tanabe:~/git/basic$ 
tanabe@tanabe:~/git/basic$ ./basic
10 goto 10

goto 10

ä¸æ­£ãªè¡Œç•ªå·ã§ã™ã€‚
  C-c C-c
tanabe@tanabe:~/git/basic$ upm build

tanabe@tanabe:~/git/basic$ tanabe@tanabe:~/git/basic$ ./basic
10 goto 10

(null)

ä¸æ­£ãªè¡Œç•ªå·ã§ã™ã€‚
(null)  C-c C-c
tanabe@tanabe:~/git/basic$ upm build
tanabe@tanabe:~/git/basic$ ./build
bash: ./build: ãã®ã‚ˆã†ãªãƒ•ã‚¡ã‚¤ãƒ«ã‚„ãƒ‡ã‚£ãƒ¬ã‚¯ãƒˆãƒªã¯ã‚ã‚Šã¾ã›ã‚“
tanabe@tanabe:~/git/basic$ ./basic
10 goto 10

(null)
10
Segmentation fault (ã‚³ã‚¢ãƒ€ãƒ³ãƒ—)
tanabe@tanabe:~/git/basic$ upm build
tanabe@tanabe:~/git/basic$ ./basic
10 goto 10

(null)
10
Segmentation fault (ã‚³ã‚¢ãƒ€ãƒ³ãƒ—)
tanabe@tanabe:~/git/basic$ upm build
tanabe@tanabe:~/git/basic$ ./basic
10 goto 10

10
Segmentation fault (ã‚³ã‚¢ãƒ€ãƒ³ãƒ—)
tanabe@tanabe:~/git/basic$ upm build
tanabe@tanabe:~/git/basic$ ./basic
10 goto 10

10
Segmentation fault (ã‚³ã‚¢ãƒ€ãƒ³ãƒ—)
tanabe@tanabe:~/git/basic$ upm build
tanabe@tanabe:~/git/basic$ upm build
tanabe@tanabe:~/git/basic$ ./basic
10 goto 10

Segmentation fault (ã‚³ã‚¢ãƒ€ãƒ³ãƒ—)
tanabe@tanabe:~/git/basic$ upm build
tanabe@tanabe:~/git/basic$ ./basic
10 goto 10

10
Segmentation fault (ã‚³ã‚¢ãƒ€ãƒ³ãƒ—)
tanabe@tanabe:~/git/basic$ upm build
tanabe@tanabe:~/git/basic$ ./basic
10 goto 10

10
Segmentation fault (ã‚³ã‚¢ãƒ€ãƒ³ãƒ—)
tanabe@tanabe:~/git/basic$ upm build
tanabe@tanabe:~/git/basic$ ./basic
10 goto 10

10,
Segmentation fault (ã‚³ã‚¢ãƒ€ãƒ³ãƒ—)
tanabe@tanabe:~/git/basic$ upm build
tanabe@tanabe:~/git/basic$ ./basic
10 goto 10


  C-c C-c
tanabe@tanabe:~/git/basic$ ./basic
10 print "aiueo\n"

aiueo10 print "aiueo\n"
20 goto 30
20 goto 40
30 print "hello\n"
40 print "I'm so tired\n"

aiueo

aiueo
  C-c C-c
tanabe@tanabe:~/git/basic$ ./basic
10 print "hello "
20 print "I'm so tired\n"

hello I'm so tired
  C-c C-c
tanabe@tanabe:~/git/basic$ ./basic
10 print "hello "
20 goto 30
30 print "I'm so tired\n"
20 goto 30

hello 
hello   C-c C-c
tanabe@tanabe:~/git/basic$ ./basic
  C-c C-c
tanabe@tanabe:~/git/basic$ upm build
tanabe@tanabe:~/git/basic$ 10 print "hello "
10: ã‚³ãƒãƒ³ãƒ‰ãŒè¦‹ã¤ã‹ã‚Šã¾ã›ã‚“
tanabe@tanabe:~/git/basic$ ./basic
10 print "hello "
20 goto 30
30 print "I'm so tired\n"

hello 0
30
found
  C-c C-c
tanabe@tanabe:~/git/basic$ upm build
tanabe@tanabe:~/git/basic$ ./basic

  C-c C-c
tanabe@tanabe:~/git/basic$ ./basic
10 print "hello "
20 goto 30
30 print "I'm so tired\n"

hello i = 0
i = 0
i = 1
i = 2
  C-c C-c
tanabe@tanabe:~/git/basic$ upm build
tanabe@tanabe:~/git/basic$ ./basic

  C-c C-c
tanabe@tanabe:~/git/basic$ ./basic
10 print "hello "
20 goto 30
30 print "I'm so tired\n"

hello i = 0
i = 1
i = 1
i = 1
i = 2
  C-c C-c
tanabe@tanabe:~/git/basic$ upm build
tanabe@tanabe:~/git/basic$ ./basic
10 print "hello "
20 goto 30
30 print "I'm so tired\n"

hello i = 0
i = 1
  C-c C-c
tanabe@tanabe:~/git/basic$ upm build
tanabe@tanabe:~/git/basic$ ./basic
10 print "hello "
20 goto 30
30 print "I'm so tired\n"

hello i = 0
i = 1
a
  C-c C-c
tanabe@tanabe:~/git/basic$ upm build
tanabe@tanabe:~/git/basic$ ./basic
10 print "hello "
20 goto 30
30 print "I'm so tired\n"

hello i = 0
a
i = 1
a
  C-c C-c
tanabe@tanabe:~/git/basic$ upm build
tanabe@tanabe:~/git/basic$ ./basic
10 print "hello "
20 goto 30
30 print "I'm so tired\n"

a
a
a
hello i = 0
a
a
a
i = 1
upm build
a
a
a
hello i = 0
a
a
a
i = 1
  C-c C-c
tanabe@tanabe:~/git/basic$ upm build
tanabe@tanabe:~/git/basic$ ./basic
10 print "hello "
20 goto 10
30 print "I'm so tired\n"

hello I'm so tired
  C-c C-c
tanabe@tanabe:~/git/basic$ ./basic
10 print "hello "
20 goto 10

hello hello hello hello hello hello hello hello hello hello hello hello hello hello hello hello hello hello hello hello hello hello hello hello hello hello hello hello hello hello hello hello hello hello hello hello hello hello hello hello hello hello hello hello hello hello hello hello hello hello hello hello hello hello hello hello hello hello hello hello hello hello hello hello hello hello hello hello hello hello hello hello hello hello hello hello hello hello hello hello hello hello hello hello hello hello hello hello hello hello hello hello hello hello hello hello hello hello hello hello hello hello hello hello hello hello hello hello hello hello hello hello hello hello hello hello hello hello hello hello hello hello hello hello hello hello hello hello hello hello hello hello hello hello hello hello hello hello hello hello hello hello hello hello hello hello hello hello hello hello hello hello hello hello hello hello hello hello hello hello hello hello hello hello hello hello hello hello hello hello hello hello hello hello hello hello hello hello hello hello hello hello hello hello hello hello hello hello hello hello hello hello hello hello hello hello hello hello hello hello hello hello hello hello hello hello hello hello hello hello hello hello hello hello hello hello hello hello hello hello hello hello hello hello hello hello hello hello hello hello hello hello hello hello hello hello hello hello hello hello hello hello hello hello hello hello hello hello hello hello hello hello hello hello hello hello hello hello hello hello hello hello hello hello hello hello hello hello hello hello hello hello hello hello hello hello hello hello hello hello hello hello hello hello hello hello hello hello hello hello hello hello hello hello hello hello hello hello hello hello hello hello hello hello hello hello hello hello hello hello hello hello hello hello hello hello hello hello hello hello hello hello hello hello hello hello hello hello hello hello hello hello hello hello hello hello hello hello hello hello hello hello hello hello hello hello hello hello hello hello hello hello hello hello hello hello hello hello hello hello hello hello hello hello hello hello hello hello hello hello hello hello hello hello hello hello hello hello hello hello hello hello hello hello hello hello hello hello hello hello hello hello hello hello hello hello hello hello hello hello hello hello hello hello hello hello hello hello hello hello hello hello hello hello hello hello hello hello hello hello hello hello hello hello hello hello hello hello hello hello hello hello hello hello hello hello hello hello hello hello hello hello hello hello hello hello hello hello hello hello hello hello hello hello hello hello hello hello hello hello hello hello hello hello hello hello hello hello hello hello hello hello hello hello hello hello hello hello hello hello hello hello hello hello hello hello hello hello hello hello hello hello hello hello hello hello hello hello hello hello hello hello hello hello hello hello hello hello hello hello hello hello hello hello hello hello hello hello hello hello hello hello hello hello hello hello hello hello hello hello hello hello hello hello hello hello hello hello hello hello hello hello hello hello hello hello hello hello hello hello hello hello hello hello hello hello hello hello hello hello hello hello hello hello hello hello hello hello hello hello hello hello hello hello hello hello hello hello hello hello hello hello hello hello hello hello hello hello hello hello hello hello hello hello hello hello hello hello hello hello hello hello hello hello hello hello hello hello hello hello hello hello hello hello hello hello hello hello hello hello hello hello hello hello hello hello hello hello hello hello hello hello hello hello hello hello hello hello hello hello hello hello hello hello hello hello hello hello hello hello hello hello hello hello hello hello hello hello hello hello hello hello hello hello hello hello hello hello hello hello hello hello hello hello hello hello hello hello hello hello hello hello hello hello hello hello hello hello hello hello hello hello hello hello hello hello hello hello hello hello hello hello hello hello hello hello hello hello hello hello hello hello hello hello hello hello hello hello hello hello hello hello hello hello hello hello hello hello hello hello hello hello hello hello hello hello hello hello hello hello hello hello hello hello hello hello hello hello hello hello hello hello hello hello hello hello hello hello hello hello hello hello hello hello hello hello hello hello hello hello hello hello hello hello hello hello hello hello hello hello hello hello hello hello hello hello hello hello hello hello hello hello hello hello hello hello hello hello hello hello hello hello hello hello hello hello hello hello hello hello hello hello hello hello hello hello hello hello hello hello hello hello hello hello hello hello hello hello hello hello hello hello hello hello hello hello hello hello hello hello hello hello hello hello hello hello hello hello hello hello hello hello hello hello hello hello hello hello hello hello hello hello hello hello hello hello hello hello hello hello hello hello hello hello hello hello hello hello hello hello hello hello hello hello hello hello hello hello hello hello hello hello hello hello hello hello hello hello hello hello hello hello hello hello hello hello hello hello hello hello hello hello hello hello hello hello hello hello hello hello hello hello hello hello hello hello hello hello hello hello hello hello hello hello hello hello hello hello hello hello hello hello hello hello hello hello hello hello hello hello hello hello hello hello hello hello hello hello hello hello hello hello hello hello hello hello hello hello hello hello hello hello hello hello hello hello hello hello hello hello hello hello hello hello hello hello hello hello hello hello hello hello hello hello hello hello hello hello hello hello hello hello hello hello hello hello hello hello hello hello hello hello hello hello hello hello hello hello hello hello hello hello hello hello hello hello hello hello hello hello hello hello hello hello hello hello hello hello hello hello hello hello hello hello hello hello hello hello hello hello hello hello hello hello hello hello hello hello hello hello hello hello hello hello hello hello hello hello hello hello hello hello hello hello hello hello hello hello hello hello hello hello hello hello hello hello hello hello hello hello hello hello hello hello hello hello hello hello hello hello hello hello hello hello hello hello hello hello hello hello hello hello hello hello hello hello hello hello hello hello hello hello hello hello hello hello hello hello hello hello hello hello hello hello hello hello hello hello hello hello hello hello hello hello hello hello hello hello hello hello hello hello hello hello hello hello hello hello hello hello hello hello hello hello hello hello hello hello hello hello hello hello hello hello hello hello hello hello hello hello hello hello hello hello hello hello hello hello hello hello hello hello hello hello hello hello hello hello hello hello hello hello hello hello hello hello hello hello hello hello hello hello hello hello hello hello hello hello hello hello hello hello hello hello hello hello hello hello hello hello hello hello hello hello hello hello hello hello hello hello hello hello hello hello hello hello hello hello hello hello hello hello hello hello hello hello hello hello hello hello hello hello hello hello hello hello hello hello hello hello hello hello hello hello hello hello hello hello hello hello hello hello hello hello hello hello hello hello hello hello hello hello hello hello hello hello hello hello hello hello hello hello hello hello hello hello hello hello hello hello hello hello hello hello hello hello hello hello hello hello hello hello hello hello hello hello hello hello hello hello hello hello hello hello hello hello hello hello hello hello hello hello hello hello hello hello hello hello hello hello hello hello hello hello hello hello hello hello hello hello hello hello hello hello hello hello hello hello hello hello hello hello hello hello hello hello hello hello hello hello hello hello hello hello hello hello hello hello hello hello hello hello hello hello hello hello hello hello hello hello hello hello hello hello hello hello hello hello hello hello hello hello hello hello hello hello hello hello hello hello hello hello hello hello hello hello hello hello hello hello hello hello hello hello hello hello hello hello hello hello hello hello hello hello hello hello hello hello hello hello hello hello hello hello hello hello hello hello hello hello hello hello hello hello hello hello hello hello hello hello hello hello hello hello hello hello hello hello hello hello hello hello hello hello hello hello hello hello hello hello hello hello hello hello hello hello hello hello hello hello hello hello hello hello hello hello hello hello hello hello hello hello hello hello hello hello hello hello hello hello hello hello hello hello hello hello hello hello hello hello hello hello hello hello hello hello hello hello hello hello hello hello hello hello hello hello hello hello hello hello hello hello hello hello hello hello hello hello hello hello hello hello hello hello hello hello hello hello hello hello hello hello hello hello hello hello hello hello hello hello hello hello hello hello hello hello hello hello hello hello hello hello hello hello hello hello hello hello hello hello hello hello hello hello hello hello hello hello hello hello hello hello hello hello hello hello hello hello hello hello hello hello hello hello hello hello hello hello hello hello hello hello hello hello hello hello hello hello hello hello hello hello hello hello hello hello hello hello hello hello hello hello hello hello hello hello hello hello hello hello hello hello hello hello hello hello hello hello hello hello hello hello hello hello hello hello hello hello hello hello hello hello hello hello hello hello hello hello hello hello hello hello hello hello hello hello hello hello hello hello hello hello hello hello hello hello hello hello hello hello hello hello hello hello hello hello hello hello hello hello hello hello hello hello hello hello hello hello hello hello hello hello hello hello hello hello hello hello hello hello hello hello hello hello hello hello hello hello hello hello hello hello hello hello hello hello hello hello hello hello hello hello hello hello hello hello hello hello hello hello hello hello hello hello hello hello hello hello hello hello hello hello hello hello hello hello hello hello hello hello hello hello hello hello hello hello hello hello hello hello hello hello hello hello hello hello hello hello hello hello hello hello hello hello hello hello hello hello hello hello hello hello hello hello hello hello hello hello hello hello hello hello hello hello hello hello hello hello hello hello hello hello hello hello hello hello hello hello hello hello hello hello hello hello hello hello hello hello hello hello hello hello hello hello hello hello hello hello hello hello hello hello hello hello hello hello hello hello hello hello hello hello hello hello hello hello hello hello hello hello hello hello hello hello hello hello hello hello hello hello hello hello hello hello hello hello hello hello hello hello hello hello hello hello hello hello hello hello hello hello hello hello hello hello hello hello hello hello hello hello hello hello hello hello hello hello hello hello hello hello hello hello hello hello hello hello hello hello hello hello hello hello hello hello hello hello hello hello hello hello hello hello hello hello hello hello hello hello hello hello hello hello hello hello hello hello hello hello hello hello hello hello hello hello hello hello hello hello hello hello hello hello hello hello hello hello hello hello hello hello hello hello hello hello hello hello hello hello hello hello hello hello hello hello hello hello hello hello hello hello hello hello hello hello hello hello hello hello hello hello hello hello hello hello hello hello hello hello hello hello hello hello hello hello hello hello hello hello hello hello hello hello hello hello hello hello hello hello hello hello hello hello hello hello hello hello hello hello hello hello hello hello hello hello hello hello hello hello hello hello hello hello hello hello hello hello hello hello hello hello hello hello hello hello hello hello hello hello hello hello hello hello hello hello hello hello hello hello hello hello hello hello hello hello hello hello hello hello hello hello hello hello hello hello hello hello hello hello hello hello hello hello hello hello hello hello hello hello hello hello hello hello hello hello hello hello hello hello hello hello hello hello hello hello hello hello hello hello hello hello hello hello hello hello hello hello hello hello hello hello hello hello hello hello hello hello hello hello hello hello hello hello hello hello hello hello hello hello hello hello hello hello hello hello hello hello hello hello hello hello hello hello hello hello hello hello hello hello hello hello hello hello hello hello hello hello hello hello hello hello hello hello hello hello hello hello hello hello hello hello hello hello hello hello hello hello hello hello hello hello hello hello hello hello hello hello hello hello hello hello hello hello hello hello hello hello hello hello hello hello hello hello hello hello hello hello hello hello hello hello hello hello hello hello hello hello hello hello hello hello hello hello hello hello hello hello hello hello hello hello hello hello hello hello hello hello hello hello hello hello hello hello hello hello hello hello hello hello hello hello hello hello hello hello hello hello hello hello hello hello hello hello hello hello hello hello hello hello hello hello hello hello hello hello hello hello hello hello hello hello hello hello hello hello hello hello hello hello hello hello hello hello hello hello hello hello hello hello hello hello hello hello hello hello hello hello hello hello hello hello hello hello hello hello hello hello hello hello hello hello hello hello hello hello hello hello hello hello hello hello hello hello hello hello hello hello hello hello hello hello hello hello hello hello hello hello hello hello hello hello hello hello hello hello hello hello hello hello hello hello hello hello hello hello hello hello hello hello hello hello hello hello hello hello hello hello hello hello hello hello hello hello hello hello hello hello hello hello hello hello hello hello hello hello hello hello hello hello hello hello hello hello hello hello hello hello hello hello hello hello hello hello hello hello hello hello hello hello hello hello hello hello hello hello hello hello hello hello hello hello hello hello hello hello hello hello hello hello hello hello hello hello hello hello hello hello hello hello hello hello hello hello hello hello hello hello hello hello hello hello hello hello hello hello hello hello hello hello hello hello hello hello hello hello hello hello hello hello hello hello hello hello hello hello hello hello hello hello hello hello hello hello hello hello hello hello hello hello hello hello hello hello hello hello hello hello hello hello hello hello hello hello hello hello hello hello hello hello hello hello hello hello hello hello hello hello hello hello hello hello hello hello hello hello hello hello hello hello hello hello hello hello hello hello hello hello hello hello hello hello hello hello hello hello hello hello hello hello hello hello hello hello hello hello hello hello hello hello hello hello hello hello hello hello hello hello hello hello hello hello hello hello hello hello hello hello hello hello hello hello hello hello hello hello hello hello hello hello hello hello hello hello hello hello hello hello hello hello hello hello hello hello hello hello hello hello hello hello hello hello hello hello hello hello hello hello hello hello hello hello hello hello hello hello hello hello hello hello hello hello hello hello hello hello hello hello hello hello hello hello hello hello hello hello hello hello hello hello hello hello hello hello hello hello hello hello hello hello hello hello hello hello hello hello hello hello hello hello hello hello hello hello hello hello hello hello hello hello hello hello hello hello hello hello hello hello hello hello hello hello hello hello hello hello hello hello hello hello hello hello hello hello hello hello hello hello hello hello hello hello hello hello hello hello hello hello hello hello hello hello hello hello hello hello hello hello hello hello hello hello hello hello hello hello hello hello hello hello hello hello hello hello hello hello hello hello hello hello hello hello hello hello hello hello hello hello hello hello hello hello hello hello hello hello hello hello hello hello hello hello hello hello hello hello hello hello hello hello hello hello hello hello hello hello hello hello hello hello hello hello hello hello hello hello hello hello hello hello hello hello hello hello hello hello hello hello hello hello hello hello hello hello hello hello hello hello hello hello hello hello hello hello hello hello hello hello hello hello hello hello hello hello hello hello hello hello hello hello hello hello hello hello hello hello hello hello hello hello hello hello hello hello hello hello hello hello hello hello hello hello hello hello hello hello hello hello hello hello hello hello hello hello hello hello hello hello hello hello hello hello hello hello hello hello hello hello hello hello hello hello hello hello hello hello hello hello hello hello hello hello hello hello hello hello hello hello hello hello hello hello hello hello hello hello hello hello hello hello hello hello hello hello hello hello hello hello hello hello hello hello hello hello hello hello hello hello hello hello hello hello hello hello hello hello hello hello hello hello hello hello hello hello hello hello hello hello hello hello hello hello hello hello hello hello hello hello hello hello hello hello hello hello hello hello hello hello hello hello hello hello hello hello hello hello hello hello hello hello hello hello hello hello hello hello hello hello hello hello hello hello hello hello hello hello hello hello hello hello hello hello hello hello hello hello hello hello hello hello hello hello hello hello hello hello hello hello hello hello hello hello hello hello hello hello hello hello hello hello hello hello hello hello hello hello hello hello hello hello hello hello hello hello hello hello hello hello hello hello hello hello hello hello hello hello hello hello hello hello hello hello hello hello hello hello hello hello hello hello hello hello hello hello hello hello hello hello hello hello hello hello hello hello hello hello hello hello hello hello hello hello hello hello hello hello hello hello hello hello hello hello hello hello hello hello hello hello hello hello hello hello hello hello hello hello hello hello hello hello hello hello hello hello hello hello hello hello hello hello hello hello hello hello hello hello hello hello hello hello hello hello hello hello hello hello hello hello hello hello hello hello hello hello hello hello hello hello hello hello hello hello hello hello hello hello hello hello hello hello hello hello hello hello hello hello hello hello hello hello hello hello hello hello hello hello hello hello hello hello hello hello hello hello hello hello hello hello hello hello hello hello hello hello hello hello hello hello hello hello hello hello hello hello hello hello hello hello hello hello hello hello hello hello hello hello hello hello hello hello hello hello hello hello hello hello hello hello hello hello hello hello hello hello hello hello hello hello hello hello hello hello hello hello hello hello hello hello hello hello hello hello hello hello hello hello hello hello hello hello hello hello hello hello hello hello hello hello hello hello hello hello hello hello hello hello hello hello hello hello hello hello hello hello hello hello hello hello hello hello hello hello hello hello hello hello hello hello hello hello hello hello hello hello hello hello hello hello hello hello hello hello hello hello hello hello hello hello hello hello hello hello hello hello hello hello hello hello hello hello hello hello hello hello hello hello hello hello hello hello hello hello hello hello hello hello hello hello hello hello hello hello hello hello hello hello hello hello hello hello hello hello hello hello hello hello hello hello hello hello hello hello hello hello hello hello hello hello hello hello hello hello hello hello hello hello hello hello hello hello hello hello hello hello hello hello hello hello hello hello hello hello hello hello hello hello hello hello hello hello hello hello hello hello hello hello hello hello hello hello hello hello hello hello hello hello hello hello hello hello hello hello hello hello hello hello hello hello hello hello hello hello hello hello hello hello hello hello hello hello hello hello hello hello hello hello hello hello hello hello hello hello hello hello hello hello hello hello hello hello hello hello hello hello hello hello hello hello hello hello hello hello hello hello hello hello hello hello hello hello hello hello hello hello hello hello hello hello hello hello hello hello hello hello hello hello hello hello hello hello hello hello hello hello hello hello hello hello hello hello hello hello hello hello hello hello hello hello hello hello hello hello hello hello hello hello hello hello hello hello hello hello hello hello hello hello hello hello hello hello hello hello hello hello hello hello hello hello hello hello hello hello hello hello hello hello hello hello hello hello hello hello hello hello hello hello hello hello hello hello hello hello hello hello hello hello hello hello hello hello hello hello hello hello hello hello hello hello hello hello hello hello hello hello hello hello hello hello hello hello hello hello hello hello hello hello hello hello hello hello hello hello hello hello hello hello hello hello hello hello hello hello hello hello hello hello hello hello hello hello hello hello hello hello hello hello hello hello hello hello hello hello hello hello hello hello hello hello hello hello hello hello hello hello hello hello hello hello hello hello hello hello hello hello hello hello hello hello hello hello hello hello hello hello hello hello hello hello hello hello hello hello hello hello hello hello hello hello hello hello hello hello hello hello hello hello hello hello hello hello hello hello hello hello hello hello hello hello hello hello hello hello hello hello hello hello hello hello hello hello hello hello hello hello hello hello hello hello hello hello hello hello hello hello hello hello hello hello hello hello hello hello hello hello hello hello hello hello hello hello hello hello hello hello hello hello hello hello hello hello hello hello hello hello hello hello hello hello hello hello hello hello hello hello hello hello hello hello hello hello hello hello hello hello hello hello hello hello hello hello hello hello hello hello hello hello hello hello hello hello hello hello hello hello hello hello hello hello hello hello hello hello hello hello hello hello hello hello hello hello hello hello hello hello hello hello hello hello hello hello hello hello hello hello hello hello hello hello hello hello hello hello hello hello hello hello hello hello hello hello hello hello hello hello hello hello hello hello hello hello hello hello hello hello hello hello hello hello hello hello hello hello hello hello hello hello hello hello hello hello hello hello hello hello hello hello hello hello hello hello hello hello hello hello hello hello hello hello hello hello hello hello hello hello hello hello hello hello hello hello hello hello hello hello hello hello hello hello hello hello hello hello hello hello hello hello hello hello hello hello hello hello hello hello hello hello hello hello hello hello hello hello hello hello hello hello hello hello hello hello hello hello hello hello hello hello hello hello hello hello hello hello hello hello hello hello hello hello hello hello hello hello hello hello hello hello hello hello hello hello hello hello hello hello hello hello hello hello hello hello hello hello hello hello hello hello hello hello hello hello hello hello hello hello hello hello hello hello hello hello hello hello hello hello hello hello hello hello hello hello hello hello hello hello hello hello hello hello hello hello hello hello hello hello hello hello hello hello hello hello hello hello hello hello hello hello hello hello hello hello hello hello hello hello hello hello hello hello hello hello hello hello hello hello hello hello hello hello hello hello hello hello hello hello hello hello hello hello hello hello hello hello hello hello hello hello hello hello hello hello hello hello hello hello hello hello hello hello hello hello hello hello hello hello hello hello hello hello hello hello hello hello hello hello hello hello hello hello hello hello hello hello hello hello hello hello hello hello hello hello hello hello hello hello hello hello hello hello hello hello hello hello hello hello hello hello hello hello hello hello hello hello hello hello hello hello hello hello hello hello hello hello hello hello hello hello hello hello hello hello hello hello hello hello hello hello hello hello hello hello hello hello hello hello hello hello hello hello hello hello hello hello hello hello hello hello hello hello hello hello hello hello hello hello hello hello hello hello hello hello hello hello hello hello hello hello hello hello hello hello hello hello hello hello hello hello hello hello hello hello hello hello hello hello hello hello hello hello hello hello hello hello hello hello hello hello hello hello hello hello hello hello hello hello hello hello hello hello hello hello hello hello hello hello hello hello hello hello hello hello hello hello hello hello hello hello hello hello hello hello hello hello hello hello hello hello hello hello hello hello hello hello hello hello hello hello hello hello hello hello hello hello hello hello hello hello hello hello hello hello hello hello hello hello hello hello hello hello hello hello hello hello hello hello hello hello hello hello hello hello hello hello hello hello hello hello hello hello hello hello hello hello hello hello hello hello hello hello hello hello hello hello hello hello hello hello hello hello hello hello hello hello hello hello hello hello hello hello hello hello hello hello hello hello hello hello hello hello hello hello hello hello hello hello hello hello hello hello hello hello hello hello hello hello hello hello hello hello hello hello hello hello hello hello hello hello hello hello hello hello hello hello hello hello hello hello hello hello hello hello hello hello hello hello hello hello hello hello hello hello hello hello hello hello hello hello hello hello hello hello hello hello hello hello hello hello hello hello hello hello hello hello hello hello hello hello hello hello hello hello hello hello hello hello hello hello hello hello hello hello hello hello hello hello hello hello hello hello hello hello hello hello hello hello hello hello hello hello hello hello hello hello hello hello hello hello hello hello hello hello hello hello hello hello hello hello hello hello hello hello hello hello hello hello hello hello hello hello hello hello hello hello hello hello hello hello hello hello hello hello hello hello hello hello hello hello hello hello hello hello hello hello hello hello hello hello hello hello hello hello hello hello hello hello hello hello hello hello hello hello hello hello hello hello hello hello hello hello hello hello hello hello hello hello hello hello hello hello hello hello hello hello hello hello hello hello hello hello hello hello hello hello hello hello hello hello hello hello hello hello hello hello hello hello hello hello hello hello hello hello hello hello hello hello hello hello hello hello hello hello hello hello hello hello hello hello hello hello hello hello hello hello hello hello hello hello hello hello hello hello hello hello hello hello hello hello hello hello hello hello hello hello hello hello hello hello hello hello hello hello hello hello hello hello hello hello hello hello hello hello hello hello hello hello hello hello hello hello hello hello hello hello hello hello hello hello hello hello hello hello hello hello hello hello hello hello hello hello hello hello hello hello hello hello hello hello hello hello hello hello hello hello hello hello hello hello hello hello hello hello hello hello hello hello hello hello hello hello hello hello hello hello hello hello hello hello hello hello hello hello hello hello hello hello hello hello hello hello hello hello hello hello hello hello hello hello hello hello hello hello hello hello hello hello hello hello hello hello hello hello hello hello hello hello hello hello hello hello hello hello hello hello hello hello hello hello hello hello hello hello hello hello hello hello hello hello hello hello hello hello hello hello hello hello hello hello hello hello hello hello hello hello hello hello hello hello hello hello hello hello hello hello hello hello hello hello hello hello hello hello hello hello hello hello hello hello hello hello hello hello hello hello hello hello hello hello hello hello hello hello hello hello hello hello hello hello hello hello hello hello hello hello hello hello hello hello hello hello hello hello hello hello hello hello hello hello hello hello hello hello hello hello hello hello hello hello hello hello hello hello hello hello hello hello hello hello hello hello hello hello hello hello hello hello hello hello hello hello hello hello hello hello hello hello hello hello hello hello hello hello hello hello hello hello hello hello hello hello hello hello hello hello hello hello hello hello hello hello hello hello hello hello hello hello hello hello hello hello hello hello hello hello hello hello hello hello hello hello hello hello hello hello hello hello hello hello hello hello hello hello hello hello hello hello hello hello hello hello hello hello hello hello hello hello hello hello hello hello hello hello hello hello hello hello hello hello hello hello hello hello hello hello hello hello hello hello hello hello hello hello hello hello hello hello hello hello hello hello hello hello hello hello hello hello hello hello hello hello hello hello hello hello hello hello hello hello hello hello hello hello hello hello hello hello hello hello hello hello hello hello hello hello hello hello hello hello hello hello hello hello hello hello hello hello hello hello hello hello hello hello hello hello hello hello hello hello hello hello hello hello hello hello hello hello hello hello hello hello hello hello hello hello hello hello hello hello hello hello hello hello hello hello hello hello hello hello hello hello hello hello hello hello hello hello hello hello hello hello hello hello hello hello hello hello hello hello hello hello hello hello hello hello hello hello hello hello hello hello hello hello hello hello hello hello hello hello hello hello hello hello hello hello hello hello hello hello hello hello hello hello hello hello hello hello hello hello hello hello hello hello hello hello hello hello hello hello hello hello hello hello hello hello hello hello hello hello hello hello hello hello hello hello hello hello hello hello hello hello hello hello hello hello hello hello hello hello hello hello hello hello hello hello hello hello hello hello hello hello hello hello hello hello hello hello hello hello hello hello hello hello hello hello hello hello hello hello hello hello hello hello hello hello hello hello hello hello hello hello hello hello hello hello hello hello hello hello hello hello hello hello hello hello hello hello hello hello hello hello hello hello hello hello hello hello hello hello hello hello hello hello hello hello hello hello hello hello hello hello hello hello hello hello hello hello hello hello hello hello hello hello hello hello hello hello hello hello hello hello hello hello hello hello hello hello hello hello hello hello hello hello hello hello hello hello hello hello hello hello hello hello hello hello hello hello hello hello hello hello hello hello hello hello hello hello hello hello hello hello hello hello hello hello hello hello hello hello hello hello hello hello hello hello hello hello hello hello hello hello hello hello hello hello hello hello hello hello hello hello hello hello hello hello hello hello hello hello hello hello hello hello hello hello hello hello hello hello hello hello hello hello hello hello hello hello hello hello hello hello hello hello hello hello hello hello hello hello hello hello hello hello hello hello hello hello hello hello hello hello hello hello hello hello hello hello hello hello hello hello hello hello hello hello hello hello hello hello hello hello hello hello hello hello hello hello hello hello hello hello hello hello hello hello hello hello hello hello hello hello hello hello hello hello hello hello hello hello hello hello hello hello hello hello hello hello hello hello hello hello hello hello hello hello hello hello hello hello hello hello hello hello hello hello hello hello hello hello hello hello hello hello hello hello hello hello hello hello hello hello hello hello hello hello hello hello hello hello hello hello hello hello hello hello hello hello hello hello hello hello hello hello hello hello hello hello hello hello hello hello hello hello hello hello hello hello hello hello hello hello hello hello hello hello hello hello hello hello hello hello hello hello hello hello hello hello hello hello hello hello hello hello hello hello hello hello hello hello hello hello hello hello hello hello hello hello hello hello hello hello hello hello hello hello hello hello hello hello hello hello hello hello hello hello hello hello hello hello hello hello hello hello hello hello hello hello hello hello hello hello hello hello hello hello hello hello hello hello hello hello hello hello hello hello hello hello hello hello hello hello hello hello hello hello hello hello hello hello hello hello hello hello hello hello hello hello hello hello hello hello hello hello hello hello hello hello hello hello hello hello hello hello hello hello hello hello hello hello hello hello hello hello hello hello hello hello hello hello hello hello hello hello hello hello hello hello hello hello hello hello hello hello hello hello hello hello hello hello hello hello hello hello hello hello hello hello hello hello hello hello hello hello hello hello hello hello hello hello hello hello hello hello hello hello hello hello hello hello hello hello hello hello hello hello hello hello hello hello hello hello hello hello hello hello hello hello hello hello hello hello hello hello hello hello hello hello hello hello hello hello hello hello hello hello hello hello hello hello hello hello hello hello hello hello hello hello hello hello hello hello hello hello hello hello hello hello hello hello hello hello hello hello hello hello hello hello hello hello hello hello hello hello hello hello hello hello hello hello hello hello hello hello hello hello hello hello hello hello hello hello hello hello hello hello hello hello hello hello hello hello hello hello hello hello hello hello hello hello hello hello hello hello hello hello hello hello hello hello hello hello hello hello hello hello hello hello hello hello hello hello hello hello hello hello hello hello hello hello hello hello hello hello hello hello hello hello hello hello hello hello hello hello hello hello hello hello hello hello hello hello hello hello hello hello hello hello hello hello hello hello hello hello hello hello hello hello hello hello hello hello hello hello hello hello hello hello hello hello hello hello hello hello hello hello hello hello hello hello hello hello hello hello hello hello hello hello hello hello hello hello hello hello hello hello hello hello hello hello hello hello hello hello hello hello hello hello hello hello hello hello hello hello hello hello hello hello hello hello hello hello hello hello hello hello hello hello hello hello hello hello hello hello hello hello hello hello hello hello hello hello hello hello hello hello hello hello hello hello hello hello hello hello hello hello hello hello hello hello hello hello hello hello hello hello hello hello hello hello hello hello hello hello hello hello hello hello hello hello hello hello hello hello hello hello hello hello hello hello hello hello hello hello hello hello hello hello hello hello hello hello hello hello hello hello hello hello hello hello hello hello hello hello hello hello hello hello hello hello hello hello hello hello hello hello hello hello hello hello hello hello hello hello hello hello hello hello hello hello hello hello hello hello hello hello hello hello hello hello hello hello hello hello hello hello hello hello hello hello hello hello hello hello hello hello hello hello hello hello hello hello hello hello hello hello hello hello hello hello hello hello hello hello hello hello hello hello hello hello hello hello hello hello hello hello hello hello hello hello hello hello hello hello hello hello hello hello hello hello hello hello hello hello hello hello hello hello hello hello hello hello hello hello hello hello hello hello hello hello hello hello hello hello hello hello hello hello hello hello hello hello hello hello hello hello hello hello hello hello hello hello hello hello hello hello hello hello hello hello hello hello hello hello hello hello hello hello hello hello hello hello hello hello hello hello hello hello hello hello hello hello hello hello hello hello hello hello hello hello hello hello hello hello hello hello hello hello hello hello hello hello hello hello hello hello hello hello hello hello hello hello hello hello hello hello hello hello hello hello hello hello hello hello hello hello hello hello hello hello hello hello hello hello hello hello hello hello hello hello hello hello hello hello hello hello hello hello hello hello hello hello hello hello hello hello hello hello hello hello hello hello hello hello hello hello hello hello hello hello hello hello hello hello hello hello hello hello hello hello hello hello hello hello hello hello hello hello hello hello hello hello hello hello hello hello hello hello hello hello hello hello hello hello hello hello hello hello hello hello hello hello hello hello hello hello hello hello hello hello hello hello hello hello hello hello hello hello hello hello hello hello hello hello hello hello hello hello hello hello hello hello hello hello hello hello hello hello hello hello hello hello hello hello hello hello hello hello hello hello hello hello hello hello hello hello hello hello hello hello hello hello hello hello hello hello hello hello hello hello hello hello hello hello hello hello hello hello hello hello hello hello hello hello hello hello hello hello hello hello hello hello hello hello hello hello hello hello hello hello hello hello hello hello hello hello hello hello hello hello hello hello hello hello hello hello hello hello hello hello hello hello hello hello hello hello hello hello hello hello hello hello hello hello hello hello hello hello hello hello hello hello hello hello hello hello hello hello hello hello hello hello hello hello hello hello hello hello hello hello hello hello hello hello hello hello hello hello hello hello hello hello hello hello hello hello hello hello hello hello hello hello hello hello hello hello hello hello hello hello hello hello hello hello hello hello hello hello hello hello hello hello hello hello hello hello hello hello hello hello hello hello hello hello hello hello hello hello hello hello hello hello hello hello hello hello hello hello hello hello hello hello hello hello hello hello hello hello hello hello hello hello hello hello hello hello hello hello hello hello hello hello hello hello hello hello hello hello hello hello hello hello hello hello hello hello hello hello hello hello hello hello hello hello hello hello hello hello hello hello hello hello hello hello hello hello hello hello hello hello hello hello hello hello hello hello hello hello hello hello hello hello hello hello hello hello hello hello hello hello hello hello hello hello hello hello hello hello hello hello hello hello hello hello hello hello hello hello hello hello hello hello hello hello hello hello hello hello hello hello hello hello hello hello hello hello hello hello hello hello hello hello hello hello hello hello hello hello hello hello hello hello hello hello hello hello hello hello hello hello hello hello hello hello hello hello hello hello hello hello hello hello hello hello hello hello hello hello hello hello hello hello hello hello hello hello hello hello hello hello hello hello hello hello hello hello hello hello hello hello hello hello hello hello hello hello hello hello hello hello hello hello hello hello hello hello hello hello hello hello hello hello hello hello hello hello hello hello hello hello hello hello hello hello hello hello hello hello hello hello hello hello hello hello hello hello hello hello hello hello hello hello hello hello hello hello hello hello hello hello hello hello hello hello hello hello hello hello hello hello hello hello hello hello hello hello hello hello hello hello hello hello hello hello hello hello hello hello hello hello hello hello hello hello hello hello hello hello hello hello hello hello hello hello hello hello hello hello hello hello hello hello hello hello hello hello hello hello hello hello hello hello hello hello hello hello hello hello hello hello hello hello hello hello hello hello hello hello hello hello hello hello hello hello hello hello hello hello hello hello hello hello hello hello hello hello hello hello hello hello hello hello hello hello hello hello hello hello hello hello hello hello hello hello hello hello hello hello hello hello hello hello hello hello hello hello hello hello hello hello hello hello hello hello hello hello hello hello hello hello hello hello hello hello hello hello hello hello hello hello hello hello hello hello hello hello hello hello hello hello hello hello hello hello hello hello hello hello hello hello hello hello hello hello hello hello hello hello hello hello hello hello hello hello hello hello hello hello hello hello hello hello hello hello hello hello hello hello hello hello hello hello hello hello hello hello hello hello hello hello hello hello hello hello hello hello hello hello hello hello hello hello hello hello hello hello hello hello hello hello hello hello hello hello hello hello hello hello hello hello hello hello hello hello hello hello hello hello hello hello hello hello hello hello hello hello hello hello hello hello hello hello hello hello hello hello hello hello hello hello hello hello hello hello hello hello hello hello hello hello hello hello hello hello hello hello hello hello hello hello hello hello hello hello hello hello hello hello hello hello hello hello hello hello hello hello hello hello hello hello hello hello hello hello hello hello hello hello hello hello hello hello hello hello hello hello hello hello hello hello hello hello hello hello hello hello hello hello hello hello hello hello hello hello hello hello hello hello hello hello hello hello hello hello hello hello hello hello hello hello hello hello hello hello hello hello hello hello hello hello hello hello hello hello hello hello hello hello hello hello hello hello hello hello hello hello hello hello hello hello hello hello hello hello hello hello hello hello hello hello hello hello hello hello hello hello hello hello hello hello hello hello hello hello hello hello hello hello hello hello hello hello hello hello hello hello hello hello hello hello hello hello hello hello hello hello hello hello hello hello hello hello hello hello hello hello hello hello hello hello hello hello hello hello hello hello hello hello hello hello hello hello hello hello hello hello hello hello hello hello hello hello hello hello hello hello hello hello hello hello hello hello hello hello hello hello hello hello hello hello hello hello hello hello hello hello hello hello hello hello hello hello hello hello hello hello hello hello hello hello hello hello hello hello hello hello hello hello hello hello hello hello hello hello hello hello hello hello hello hello hello hello hello hello hello hello hello hello hello hello hello hello hello hello hello hello hello hello hello hello hello hello hello hello hello hello hello hello hello hello hello hello hello hel  C-c C-clo hello hello hello hello hello hello hello hello hello hello hello hello hello hello hello hello hello hello hello hello hello hello hello hello hello hello hello hello hello hello hello hello hello hello hello hello hello hello hello hello hello hello hello hello hello hello hello hello hello hello hello hello hello hello hello hello hello hello hello hello hello hello hello hello hello hello hello hello hello hello hello hello hello hello hello hello hello hello hello hello hello hello hello hello hello hello hello hello hello hello hello hello hello hello hello hello hello hello hello hello hello hello hello hello hello hello hello hello hello hello hello hello hello hello hello hello hello hello hello hello hello hello hello hello hello hello hello hello hello hello hello hello hello hello hello hello hello hello hello hello hello hello hello hello hello hello hello hello hello hello hello hello hello hello hello hello hello hello hello hello hello hello hello hello hello hello hello hello hello hello hello hello hello hello hello hello hello hello hello hello hello hello hello hello hello hello hello hello hello hello hello hello hello hello hello hello hello hello hello hello hello hello hello hello hello hello hello hello hello hello hello hello hello hello hello hello hello hello hello hello hello hello hello hello hello hello hello hello hello hello hello hello hello hello hello hello hello hello hello hello hello hello hello hello hello hello hello hello hello hello hello hello hello hello hello hello hello hello hello hello hello hello hello hello hello hello hello hello hello hello hello hello hello hello hello hello hello hello hello hello hello hello hello hello hello hello hello hello hello hello hello hello hello hello hello hello hello hello hello hello hello hello hello hello hello hello hello hello hello hello hello hello hello hello hello hello hello hello hello hello hello hello hello hello hello hello hello hello hello hello hello hello hello hello hello hello hello hello hello hello hello hello hello hello hello hello hello hello hello hello hello hello hello hello hello hello hello hello hello hello hello hello hello hello hello hello hello hello hello hello hello hello hello hello hello hello hello hello hello hello hello hello hello hello hello hello hello hello hello hello hello hello hello hello hello hello hello hello hello hello hello hello hello hello hello hello hello hello hello hello hello hello hello hello hello hello hello hello hello hello hello hello hello hello hello hello hello hello hello hello hello hello hello hello hello hello hello hello hello hello hello hello hello hello hello hello hello hello hello hello hello hello hello hello hello hello hello hello hello hello hello hello hello hello hello hello hello hello hello hello hello hello hello hello hello hello hello hello hello hello hello hello hello hello hello hello hello hello hello hello hello hello hello hello hello hello hello hello hello hello hello hello hello hello hello hello hello hello hello hello hello hello hello hello hello hello hello hello hello hello hello hello hello hello hello hello hello hello hello hello hello hello hello hello hello hello hello hello hello hello hello hello hello hello hello hello hello hello hello hello hello hello hello hello hello hello hello hello hello hello hello hello hello hello hello hello hello hello hello hello hello hello hello hello hello hello hello hello hello hello hello hello hello hello hello hello hello hello hello hello hello hello hello hello hello hello hello hello hello hello hello hello hello hello hello hello hello hello hello hello hello hello hello hello hello hello hello hello hello hello hello hello hello hello hello hello hello hello hello hello hello hello hello hello hello hello hello hello hello hello hello hello hello hello hello hello hello hello hello hello hello hello hello hello hello hello hello hello hello hello hello hello hello hello hello hello hello hello hello hello hello hello hello hello hello hello hello hello hello hello hello hello 
tanabe@tanabe:~/git/basic$ git add .
tanabe@tanabe:~/git/basic$ git commit -m "GOTOæ–‡ã€ã§ãã ãï¼(wawawaä¸¦æ„Ÿ)"
[main 3414128] GOTOæ–‡ã€ã§ãã ãï¼(wawawaä¸¦æ„Ÿ)
 Committer: tanabe <tanabe@tanabe>
Your name and email address were configured automatically based
on your username and hostname. Please check that they are accurate.
You can suppress this message by setting them explicitly. Run the
following command and follow the instructions in your editor to edit
your configuration file:

    git config --global --edit

After doing this, you may fix the identity used for this commit with:

    git commit --amend --reset-author

 8 files changed, 9 insertions(+), 17 deletions(-)
tanabe@tanabe:~/git/basic$ git push origin main
Enumerating objects: 23, done.
Counting objects: 100% (23/23), done.
Delta compression using up to 4 threads
Compressing objects: 100% (11/11), done.
Writing objects: 100% (12/12), 3.08 KiB | 3.08 MiB/s, done.
Total 12 (delta 10), reused 0 (delta 0), pack-reused 0
remote: Resolving deltas: 100% (10/10), completed with 10 local objects.        
To github.com:tanabeyousuke/basic.git
   035911a..3414128  main -> main
tanabe@tanabe:~/git/basic$ upm build
tanabe@tanabe:~/git/basic$ ./basic
10 if 1 2 +, 20, 30, 40
20 print "sukunai\n"
30 print "hutuu\n"
40 print "sugoidekai\n"

1 2 -
sukunai
hutuu
sugoidekai
